0
1
798385
797759
735709
1
776075
799355
797759
793560
1
793560
775394
706965
766638
798385
799355
782386
793560
766638
793560
766638
798385
776075
797759
735709
799355
799355
766638
671738
774825
774825
796701
779761
796701
766638
799256
744374
797632
793501
751491
787631
795447
749929
796701
719076
784039
1
794178
721089
796701
782669
784964
792958
782823
734514
785166
650485
759279
785936
777030
1
758323
762183
789499
797759
798385
787682
783158
770263
731278
792837
782386
766745
770313
771619
771329
785936
735507
799298
776306
718225
719076
794207
784895
798124
799355
796701
785408
742484
742157
759715
780642
799191
794207
734514
772378
790181
764019
785408
787229
766216
765373
706965
718225
707870
767428
798385
745132
784941
707870
685946
784895
776919
775598
770263
745132
735147
690935
738971
704487
650485
790498
785408
787370
704487
797759
719076
794562
797679
789647
671738
794642
793471
702606
782669
742484
796552
797679
656034
735709
702606
766434
774825
784895
764095
776466
767045
745132
771466
799191
735507
671738
764019
794207
787098
769064
794207
799437
774217
786853
599472
770571
744374
798409
783982
786152
695782
791453
788267
785166
752783
796365
794402
785929
690935
790181
787682
799437
793604
774825
764125
790602
751969
771428
795706
766638
775211
783191
762183
791999
734514
770571
707968
787202
786737
798406
780916
735507
776451
690935
783053
777484
707968
690935
751969
798675
789499
671738
716573
794615
775618
784847
769064
707968
784046
799437
775394
789523
785521
775622
758471
766434
794402
798936
776392
792837
702303
777030
785602
790602
771329
783681
743064
762265
766745
764408
780880
771466
735147
798125
704879
714358
681665
671738
786470
780880
735507
779668
775622
789549
700619
599472
702606
766745
787414
794762
791320
749929
764125
785929
751948
703952
792401
719872
771428
787682
757824
58639
782203
749929
782484
758326
786853
740841
793158
758075
776555
795077
770263
784961
777030
712986
794250
773561
792833
729702
773561
735147
791248
793528
777684
719872
784941
775618
797198
780455
777203
798385
771597
778185
756734
769064
783149
779392
770868
796701
782783
769064
735147
787611
793778
704725
41817
792774
729702
798690
702606
704725
790237
751491
764567
791248
785408
741864
733097
765537
793787
798103
794615
770198
763557
771844
764408
798390
757209
751969
790181
794562
798385
727659
792837
763851
671738
770453
783836
770736
788123
750232
793456
794762
693452
799437
1
1
787152
777203
738971
798209
122832
797626
787172
784992
769454
792837
738389
771249
776555
767179
795908
785897
23501
796586
751969
721238
652223
707870
765537
771428
797284
785130
794199
785292
797198
791231
793778
1
770453
735507
766143
745639
793471
790690
798103
797759
794402
795182
766216
769454
788123
769343
794453
735709
797267
788266
770285
766434
788266
788170
784964
791093
671517
796550
788270
773263
784847
773925
742157
778785
786737
787778
731032
778185
783822
790732
767262
745639
781501
695782
768550
765599
795394
789636
791210
798224
727121
798385
762450
766433
771838
754233
785166
733097
759831
792765
31754
794012
723364
797928
725498
777684
799191
783822
754233
779533
695782
774848
716152
795782
730494
796781
770571
797157
755197
767528
747195
733097
796550
787098
763068
766433
625676
777684
784847
781350
796407
739046
782367
787682
785292
771844
744992
791093
749230
763595
770265
790083
746375
763851
765373
798103
776466
695648
794615
797650
775349
770604
794615
792302
719872
742157
692914
25088
761724
727793
788266
770383
788300
786736
726292
745024
781991
790273
776919
757678
798168
733097
671738
776451
772754
761724
797482
795394
798124
781895
793501
791819
773962
793787
791320
796926
796913
727659
765599
721713
750220
786857
797759
765714
769842
784964
751969
778958
719872
799191
696560
786756
787091
734090
625676
793327
797111
783158
542844
789549
791248
791819
778952
799191
758092
625676
785932
751889
724127
795355
798273
797533
791453
763860
778729
782287
661623
764902
715255
65652
799191
796701
789770
759715
778769
754824
716573
744295
766638
745132
727834
691591
784598
792765
785302
714358
790940
766433
798667
761173
751948
796057
39977
766638
794562
790690
797997
776267
791959
775844
721713
797759
757209
797275
695648
772943
251280
797808
727659
798675
737603
778698
772488
798958
799355
796781
771809
782866
795908
763068
787056
789759
688113
775216
799626
767262
743355
675052
771844
745840
766704
762693
793483
798168
790767
63819
640520
785166
790940
771844
780590
40065
797275
776505
695648
782754
765602
784598
780455
734838
775754
796913
756752
792217
794642
798090
751491
788609
707968
791819
796701
799191
655777
61758
788742
765599
797759
797846
744464
773925
769988
790338
716573
798202
721089
743458
791554
729702
794762
744295
744295
718225
796701
784193
758526
763183
776555
782700
794509
799677
614196
785166
788927
733097
738241
792765
791833
776919
744354
688113
792837
748913
796913
758326
751768
795900
775867
770453
772728
769007
785408
691591
761409
791842
776953
790690
781437
696089
737603
27170
696089
793560
765373
697169
784847
771850
755728
791093
783191
766433
781729
20557
787611
790690
798385
799133
789549
798824
766532
784964
784847
796701
742088
791421
785521
785408
772883
771727
729398
789549
791291
780642
793787
787682
757678
792773
771249
786756
751344
756303
798407
785408
761775
776466
681665
793158
786525
797639
786853
785408
773913
798409
736272
690929
790140
785929
798103
792774
710902
795206
776748
103554
737715
702303
706965
751359
797457
765814
775655
773321
727659
744374
710720
733097
788181
791093
670542
794147
761775
735147
794615
680386
724730
755825
784964
776505
794762
775698
785292
793158
731032
738247
702004
775485
734514
798103
791819
789854
760320
577446
778914
771466
771428
782029
672253
694077
796701
791327
793158
798103
681665
671738
777653
789993
696560
792937
762530
751948
762606
789124
768666
795394
796701
783722
798224
767821
751948
793560
775608
789499
761775
784964
786465
764125
759328
794355
758573
739051
793787
794900
765367
781350
620545
756752
774037
771249
773561
789301
631551
791045
798409
786855
794636
799272
777727
789549
794636
785635
790181
736272
749430
763209
781572
792411
720964
737603
798409
770263
748922
783681
784133
760322
751948
797748
794509
796701
760862
798675
789647
796701
763811
796069
696560
636449
796048
796368
774371
798224
27496
795254
751934
775211
790940
792891
784598
630344
797101
757287
790981
789085
750220
796701
708156
785761
790690
776555
785929
775756
758526
714819
789549
770313
760474
766971
758219
785602
121319
753088
787202
743637
796495
771494
781415
760009
776919
724203
768536
721089
656034
703585
671517
710902
793787
799191
759770
723244
749430
795282
757824
797851
779801
787693
791291
720202
729193
326309
791866
671738
785281
786465
764408
772102
721235
776180
790940
771520
783831
783053
790177
711089
784847
717076
784847
727692
94904
747666
785532
784847
748913
754525
777316
766993
782506
740841
786918
711089
768536
786525
725608
796701
784961
742088
755825
782783
778350
787229
788267
743637
763891
770636
745639
758471
680979
776026
785374
779809
780880
763169
688087
780880
777281
708484
758774
775844
796545
772102
775211
785332
780606
763900
794900
735507
784964
796701
691278
771826
781501
798675
790602
772883
771249
783836
781729
695648
717153
786536
785292
741375
766638
771844
728853
778874
709877
768950
755428
755740
646095
793658
766434
795445
796637
757669
771844
798871
798390
778980
793456
799116
794270
782864
772728
789499
760320
54178
787682
769862
786137
722253
795782
798285
785457
765599
787370
777813
764399
34131
784961
757693
792372
787682
722713
786369
696089
761958
797114
652006
29624
129481
788300
767678
753141
796852
773913
796306
671738
742256
794768
789057
781501
799355
787370
799286
798667
791320
797562
764946
691591
62408
792411
786855
798823
786669
798675
746122
786088
704487
720202
799820
790639
791819
771249
780880
793501
756752
710902
731032
671738
769915
786277
785932
781729
764408
694859
782506
781729
755428
780606
798385
712652
796407
797997
786173
797679
211326
796701
767678
784941
758279
758326
716152
785932
791248
785995
746138
779305
781223
767678
793706
787778
734514
7432
739499
756699
794636
766433
775211
789057
51397
770313
787202
784964
796701
784506
770453
777281
782061
791248
798134
747666
794886
793501
702958
789759
798816
795254
789303
799355
797775
798667
797998
793493
767924
714383
760956
795908
768550
764934
774374
748275
787924
749929
776381
695648
744290
789260
797997
798103
772876
708484
781761
6511
787817
789759
763772
35167
770063
695782
742873
793787
784964
783822
256184
740056
779481
84157
797650
759972
781894
763377
781894
751339
797267
776564
723803
782823
789067
727659
743355
788887
113293
775211
721539
772868
761561
681665
794402
772943
794168
773072
798156
786091
791453
774389
725366
791806
763663
779481
755646
799353
751625
689007
797541
767431
795254
784222
782823
798224
768051
780455
766971
749666
791776
777171
795502
773877
795249
754567
748973
736358
720816
762530
762388
763651
729882
776773
765714
776538
662510
702303
26649
693452
784133
774810
710902
671738
739422
136907
771809
780148
773263
728324
736272
749430
797928
744227
787565
789012
763651
728084
777960
769717
791248
773514
777744
758774
779941
789759
783006
797267
5370
773291
110209
789423
784597
774281
765083
776919
744678
794859
778185
791733
794168
794250
799626
794303
786536
738378
757781
744227
783862
754527
734040
760509
727489
775312
780148
726292
781501
791693
70573
764340
772488
769538
758219
782732
787229
799764
671873
786277
789993
794562
778185
775103
791210
759801
742088
776073
797775
755825
717869
777653
791843
733705
765691
762606
763595
794250
751934
784923
798123
770383
711089
791512
797639
799191
764125
787370
675911
792209
799356
764174
748922
784499
733705
788185
766984
680240
742484
760320
781350
783291
758092
772378
703170
782823
729458
758326
794007
774389
767262
744539
288281
799390
750220
798825
751948
791320
712518
714877
751948
749635
792250
781278
770263
775498
744520
776716
795206
799446
733097
657042
792109
744295
769692
680979
784499
792837
788609
731032
744374
776114
755054
792070
24505
663511
796004
797998
744374
772488
759326
761489
775211
50989
798675
765487
729882
767434
785764
