4
85
20
139
63
6
120
210
33
9
4
82
11
234
96
138
11
42
65
102
48
255
80
129
106
10
92
93
67
183
75
215
24
90
2
166
14
241
50
221
61
256
2
168
59
160
1
206
35
98
76
371
47
64
3
246
67
124
44
246
79
235
38
203
52
158
6
1
63
124
60
280
77
78
26
29
69
239
66
87
88
3
31
108
3
182
89
139
2
28
29
119
97
237
85
229
33
115
32
202
49
35
96
288
59
241
81
88
86
35
119
76
16
141
113
41
11
116
56
224
28
208
1
185
89
369
28
317
113
122
54
403
14
100
60
112
15
99
45
16
86
69
43
41
47
167
51
52
58
173
7
110
78
24
1
118
107
304
2
88
46
66
56
88
27
63
19
4
2
134
84
2
39
167
1
175
41
271
79
7
62
479
80
107
82
315
97
314
63
38
28
74
28
98
85
289
26
217
26
180
80
289
64
230
16
275
73
265
100
220
57
358
86
17
9
517
19
287
33
280
63
160
1
259
72
68
54
353
51
19
133
153
80
106
64
201
2
176
63
136
24
143
48
40
1
95
15
3
42
231
48
177
61
325
53
84
55
9
31
376
28
72
3
124
101
152
15
71
124
428
56
33
1
340
2
55
53
9
47
192
1
357
65
300
3
55
75
63
46
58
34
157
64
88
54
85
92
220
2
374
77
127
1
32
57
128
14
4
70
204
128
313
85
153
35
62
68
144
29
178
12
198
114
10
75
5
44
320
113
211
3
9
114
46
7
90
47
461
40
4
74
117
92
120
65
70
23
138
105
63
17
221
11
186
3
84
41
184
69
324
38
30
91
340
11
165
41
10
60
9
86
236
46
4
15
143
23
115
11
160
123
166
21
52
69
217
20
251
58
135
63
83
31
223
33
114
54
119
74
165
95
242
88
120
103
137
4
5
96
1
1
132
38
1
30
281
58
141
6
5
62
153
4
114
67
219
66
62
3
246
55
455
45
7
66
156
2
64
98
84
4
3
100
152
1
297
2
126
20
80
47
161
40
206
4
3
10
176
7
156
116
29
39
199
109
203
98
250
44
63
68
71
3
42
22
366
42
252
25
5
49
280
73
55
129
102
43
1
134
53
86
5
39
382
115
195
19
187
1
14
66
120
5
319
133
272
52
150
72
21
65
2
18
54
105
244
61
298
55
435
54
200
65
98
11
444
125
103
72
196
58
42
47
307
52
3
78
19
94
194
79
156
20
208
42
382
2
81
56
74
64
75
41
10
7
19
51
214
3
68
89
323
9
254
25
180
30
3
52
360
77
229
66
200
84
431
121
418
14
3
69
27
58
368
13
6
36
81
15
69
16
269
2
299
73
114
25
5
2
157
17
218
105
19
39
295
32
3
60
206
3
118
108
184
19
97
81
182
30
248
80
219
2
421
30
169
55
141
33
110
69
105
34
228
84
274
45
147
33
176
1
138
68
127
75
149
108
308
84
124
102
412
28
1
83
174
1
11
57
23
85
435
58
6
99
203
22
472
39
66
41
216
73
95
122
54
81
95
61
156
78
353
73
267
5
111
15
37
34
165
131
512
67
135
60
5
29
2
118
48
40
279
37
151
104
160
138
250
44
196
82
268
79
181
23
162
24
338
19
173
57
3
78
96
17
273
2
52
28
85
81
46
7
2
65
1
93
50
4
212
2
82
81
314
29
243
23
156
79
44
1
124
1
292
104
219
84
136
16
53
35
86
19
9
75
150
20
98
74
186
49
101
119
27
20
138
59
267
109
19
8
399
111
194
1
78
40
30
11
1
17
134
83
137
52
144
87
247
89
32
72
119
3
226
57
226
15
72
78
18
4
234
59
343
26
154
20
161
1
5
58
123
39
59
11
146
9
178
19
289
30
146
83
331
95
201
77
350
89
35
7
4
72
49
89
17
81
29
1
5
63
200
25
65
95
52
94
66
83
196
71
250
95
449
22
327
1
96
54
178
103
167
1
184
1
173
24
146
22
370
79
169
136
292
95
19
34
123
3
34
94
266
94
191
94
136
73
75
1
138
49
87
6
43
85
224
58
176
36
208
28
64
96
168
68
254
23
9
122
5
102
111
21
357
71
91
32
12
1
5
83
136
74
2
69
44
1
3
85
3
83
85
101
163
102
191
56
273
13
161
6
159
1
199
15
225
2
173
47
232
62
106
87
26
38
114
7
1
54
92
62
192
67
208
1
45
17
153
28
45
27
4
87
275
83
28
29
79
75
1
78
116
12
140
9
3
68
50
108
260
26
91
2
135
49
317
69
200
73
149
92
149
19
163
41
4
3
173
73
173
40
320
27
140
56
63
12
38
107
115
24
113
88
291
141
117
11
52
104
137
31
87
71
57
64
114
13
68
41
354
83
171
81
208
61
338
104
329
78
208
62
143
77
16
20
42
16
218
95
220
16
369
108
57
2
25
27
408
7
265
100
118
77
333
35
75
6
309
57
309
26
71
20
185
134
329
65
104
115
38
28
279
78
132
1
212
26
347
107
324
5
211
8
42
15
163
11
144
9
35
22
47
35
372
47
397
23
29
49
293
30
213
8
401
93
152
83
125
56
152
58
60
74
316
54
45
108
388
19
12
60
262
115
38
31
39
8
146
103
98
8
97
8
12
11
102
2
312
115
123
17
298
82
275
2
117
79
401
86
323
4
210
47
275
35
279
89
72
57
311
1
169
32
60
77
240
35
207
9
100
4
278
120
76
62
236
121
200
41
185
3
4
101
177
112
130
45
150
71
72
10
99
25
18
5
307
90
138
102
460
36
4
24
206
30
192
42
88
1
27
46
424
33
102
49
135
71
101
52
139
23
363
35
168
81
5
94
273
41
206
2
245
108
53
36
2
16
10
77
280
21
130
119
180
49
389
71
513
16
195
53
7
78
189
9
241
106
44
7
317
92
66
24
64
8
339
42
369
2
1
6
56
9
171
39
34
31
216
98
146
57
253
2
155
124
120
52
194
67
106
140
266
109
60
2
42
70
30
126
205
4
318
87
127
8
60
29
109
12
43
14
105
102
66
34
288
50
19
19
62
13
43
37
283
64
280
103
61
36
51
50
221
88
167
26
8
50
199
42
110
107
291
40
280
47
179
6
65
80
79
1
47
71
188
21
213
30
7
17
1
92
82
59
315
88
353
20
119
85
25
67
301
58
67
101
41
19
76
10
1
115
437
20
108
39
102
18
138
11
37
85
269
80
135
92
80
2
179
55
4
85
37
69
95
102
179
33
19
69
40
95
54
89
144
47
5
49
292
65
9
60
60
70
100
26
75
66
104
57
291
89
294
48
140
7
225
47
276
104
11
87
100
25
216
65
347
68
236
1
164
18
149
12
296
43
339
1
65
64
221
10
141
24
5
39
147
76
33
40
139
31
409
1
149
36
330
33
515
20
155
1
295
33
7
7
223
133
41
52
13
67
305
152
260
4
198
77
83
20
179
4
1
91
67
42
41
29
72
83
185
12
238
1
33
96
164
1
181
78
375
123
286
26
135
33
99
2
358
37
162
99
41
95
7
111
78
72
214
113
312
99
523
75
153
53
216
68
106
68
116
65
149
70
294
18
187
50
130
28
235
30
45
45
331
41
271
74
56
32
306
99
310
80
34
98
161
50
157
16
152
10
176
87
316
48
38
51
244
85
389
50
78
90
207
66
1
1
50
41
237
69
226
85
128
41
131
36
108
80
175
59
230
128
270
3
106
17
428
66
393
150
4
31
283
33
403
44
140
123
151
14
323
51
110
79
161
125
213
49
256
48
497
14
45
2
7
66
229
32
38
48
128
36
118
54
39
1
77
51
189
44
348
70
157
45
2
50
116
15
2
31
164
64
218
87
301
42
364
58
229
41
94
68
89
86
59
79
159
17
212
59
239
70
104
67
11
135
88
35
203
46
8
31
137
61
234
38
254
28
171
99
92
92
310
14
80
36
208
10
254
13
116
34
141
9
36
55
303
78
39
102
296
1
153
1
12
36
285
103
3
44
70
104
53
24
215
68
58
5
510
3
135
71
2
91
144
74
267
74
231
2
48
31
134
128
169
76
136
32
204
34
103
45
330
96
215
49
1
85
216
31
190
113
202
72
27
35
61
20
8
17
112
24
102
45
63
59
94
61
50
28
16
88
47
1
83
69
136
108
244
33
263
46
343
16
81
80
93
66
341
89
266
11
57
13
81
75
8
78
223
125
229
3
59
84
225
67
203
52
123
16
155
69
411
31
35
15
156
52
295
78
175
73
141
46
319
4
46
38
128
27
82
58
416
100
48
111
228
81
67
3
199
18
45
72
23
112
44
18
66
1
199
59
176
81
137
45
57
118
63
38
189
37
445
6
230
77
233
15
5
67
321
25
148
71
300
74
295
1
56
95
104
42
177
45
365
57
170
2
79
23
78
2
414
1
115
19
52
1
82
30
3
11
39
21
267
1
173
56
283
85
443
68
259
2
112
39
235
1
379
23
125
23
34
96
33
66
258
36
349
29
134
45
116
79
37
114
3
79
52
2
51
20
99
45
120
87
131
80
2
42
57
9
58
106
222
3
34
37
255
57
5
74
7
31
244
33
67
56
19
2
72
100
254
56
172
92
93
1
377
41
178
1
77
14
83
14
80
16
137
2
228
49
238
35
282
45
225
59
97
2
14
94
24
99
93
56
84
5
140
92
237
12
167
86
124
39
35
7
4
26
203
5
7
54
94
41
67
47
233
22
281
30
49
80
108
77
419
21
6
71
115
81
110
88
334
2
371
12
77
19
138
15
314
25
76
18
122
3
265
21
241
96
120
98
135
55
204
39
215
88
199
48
107
82
37
41
113
1
121
81
319
28
276
2
27
101
95
36
475
2
226
25
333
45
168
79
436
45
13
35
118
46
159
63
214
80
263
2
316
29
4
60
6
85
49
14
59
109
323
66
209
3
37
93
5
38
5
26
78
18
59
95
138
100
416
3
263
117
23
48
430
70
53
126
1
101
110
7
249
94
453
13
226
97
99
23
3
47
50
33
176
18
197
5
93
39
8
31
246
70
148
74
236
8
182
70
63
17
96
48
155
56
53
91
179
58
106
79
209
38
203
57
58
87
232
30
94
10
104
73
26
28
223
37
39
53
238
35
300
99
215
42
279
67
44
68
3
122
297
2
95
69
91
42
413
19
55
76
114
54
215
13
165
88
1
6
341
1
15
25
250
25
227
58
145
63
21
24
191
70
171
38
124
49
19
100
178
131
250
72
153
18
310
119
2
11
68
94
175
77
297
24
112
21
385
11
515
47
6
84
103
87
142
1
81
85
75
93
1
83
170
49
1
3
33
70
298
101
106
79
134
46
1
117
3
14
1
87
226
1
6
1
74
118
8
101
352
62
2
81
418
41
204
3
225
61
315
116
329
24
247
93
239
2
67
53
402
11
236
30
70
1
6
78
391
10
26
1
7
6
284
16
4
27
98
68
247
4
226
24
230
69
43
58
194
61
89
8
318
23
242
34
224
22
83
12
44
22
205
20
229
62
1
105
57
8
115
74
327
55
64
35
30
25
325
76
65
11
437
74
309
44
161
96
150
82
150
5
57
73
346
78
174
73
96
70
121
46
253
84
90
17
87
62
131
48
25
83
99
20
119
77
10
12
259
109
252
22
283
19
261
11
153
2
338
60
56
71
217
4
263
53
296
3
191
140
125
16
106
135
16
1
350
31
100
25
332
129
20
39
157
44
51
4
167
69
122
44
54
85
250
31
289
67
82
61
182
14
142
44
124
20
151
19
5
82
153
19
55
61
173
71
207
39
149
34
108
22
74
75
164
12
281
101
131
5
202
98
99
96
98
37
67
107
108
5
70
38
85
65
156
8
198
88
348
2
73
89
299
84
221
2
2
16
20
56
220
49
53
54
85
76
221
41
87
100
264
20
18
44
87
81
353
3
2
29
177
62
97
65
167
118
242
53
613
34
276
5
166
1
1
99
306
3
195
49
111
34
198
54
88
88
284
43
316
70
356
40
304
96
4
53
4
62
52
69
82
67
38
73
285
24
244
16
62
95
96
77
7
46
3
75
131
10
49
57
109
2
66
15
31
41
8
73
125
23
87
16
54
24
248
111
84
13
108
40
2
6
81
4
253
99
274
54
134
120
170
64
46
2
108
1
154
1
29
99
256
31
108
67
81
98
35
11
55
4
227
8
171
53
93
92
336
92
114
52
173
49
316
99
276
51
204
71
297
4
91
25
130
55
254
65
178
85
163
45
71
15
8
24
5
6
302
30
6
33
260
17
31
14
216
61
250
48
172
22
244
7
146
23
28
78
109
28
76
1
195
4
97
89
158
98
6
87
362
73
157
114
21
63
102
64
346
93
213
77
228
50
82
28
148
62
18
20
102
51
240
100
116
3
95
18
134
8
201
20
248
54
275
4
133
21
253
2
67
48
61
72
73
70
54
5
245
67
251
24
87
29
156
79
1
69
117
108
349
72
37
12
28
83
154
20
156
50
3
78
241
89
19
95
352
42
86
10
203
30
1
29
273
70
322
77
148
39
144
70
46
59
352
18
170
25
312
106
69
70
109
1
115
14
1
23
148
99
139
92
294
53
74
1
201
116
244
37
71
132
91
20
18
77
171
133
137
87
360
7
3
11
177
109
129
74
68
101
164
62
46
73
154
64
31
60
335
32
97
17
149
14
176
47
291
33
361
6
291
17
325
116
49
35
99
82
151
29
125
66
274
9
256
84
61
43
137
57
404
97
430
89
4
68
350
17
131
2
345
143
5
88
206
29
411
30
95
11
189
26
330
52
57
102
266
40
254
71
380
92
72
3
14
19
96
100
58
53
20
66
267
2
237
1
250
58
3
14
128
79
203
36
123
122
226
3
154
2
310
109
73
50
157
21
46
86
152
94
100
69
397
23
179
41
4
127
154
82
113
93
37
84
122
101
488
30
41
27
173
57
223
47
146
65
174
46
129
52
57
62
172
30
249
30
136
40
84
67
53
36
4
11
137
52
61
91
212
89
193
83
133
86
298
79
88
106
1
4
20
63
172
57
306
34
128
40
10
101
225
113
239
96
138
85
35
55
130
40
2
36
169
3
248
25
343
61
38
74
60
2
106
1
245
17
196
79
86
1
231
57
161
73
5
60
68
74
70
50
53
15
60
18
127
39
309
13
194
3
12
2
99
14
168
83
144
13
178
40
72
26
170
9
295
36
41
61
55
66
30
52
122
2
77
7
31
89
127
1
6
61
91
91
175
54
198
103
81
16
367
91
50
19
113
125
183
126
227
105
259
31
1
47
69
68
245
20
8
127
323
57
260
52
118
1
78
35
247
73
126
2
160
43
273
7
2
18
310
92
92
1
106
31
388
33
91
39
112
23
361
82
10
65
106
96
11
101
29
20
75
84
234
1
59
17
220
1
318
73
486
89
262
15
3
4
4
68
194
23
100
57
221
12
77
68
48
30
239
22
117
119
48
29
241
50
259
7
168
14
348
1
2
34
178
61
109
20
267
41
103
1
156
15
201
41
96
102
278
81
323
90
81
37
157
72
137
1
56
13
148
48
79
23
307
40
103
63
41
45
202
56
38
83
261
39
5
68
224
45
68
17
120
4
59
41
220
77
70
126
213
49
152
88
360
10
98
9
276
19
34
58
181
11
181
64
249
1
205
96
222
14
152
80
195
58
48
38
177
45
293
43
384
50
227
4
123
80
149
48
3
115
13
36
86
9
297
49
116
62
188
51
169
29
135
23
213
60
70
59
45
85
138
96
94
99
6
60
254
1
352
49
205
103
333
46
180
3
296
92
9
13
301
19
190
32
201
60
225
93
182
56
232
90
115
29
273
130
290
40
87
85
432
123
54
66
422
16
204
58
19
13
298
42
174
73
85
47
56
116
231
93
36
1
102
114
139
90
246
31
15
47
85
29
246
20
265
78
128
17
130
57
200
87
315
109
109
3
32
29
238
2
105
42
422
110
44
2
187
13
46
48
264
89
296
13
81
60
113
61
95
42
82
118
326
50
7
67
91
17
177
11
123
55
155
31
343
44
6
80
160
18
45
6
231
2
4
137
24
39
7
66
51
91
2
39
160
12
193
96
301
65
1
10
398
45
162
75
4
23
269
1
138
84
81
2
73
131
36
4
80
1
78
3
1
8
73
114
314
49
344
1
258
54
4
71
279
62
27
58
276
77
278
74
369
22
81
86
241
19
70
87
55
46
168
4
203
98
194
111
129
81
89
24
110
16
71
55
149
23
118
12
46
98
165
129
3
32
110
17
3
91
412
18
220
6
80
54
2
4
420
75
91
59
188
55
138
85
111
112
18
52
79
11
185
6
432
135
179
55
242
30
116
16
73
31
75
34
4
30
116
74
172
4
48
93
78
136
200
44
123
26
294
107
77
17
98
30
2
88
100
13
71
104
561
68
75
104
8
35
345
14
87
36
247
87
152
87
366
18
380
57
149
21
5
72
282
53
181
92
171
18
87
46
168
15
90
48
209
48
101
64
352
70
134
79
59
3
10
16
84
20
86
77
64
69
1
65
42
29
126
31
166
66
154
54
185
29
47
65
35
37
44
37
121
84
112
14
170
137
25
88
252
8
80
90
375
17
142
37
160
6
397
109
236
70
67
43
11
1
320
18
191
59
272
128
11
68
223
86
86
47
234
28
197
61
258
1
165
19
37
48
72
15
221
19
21
64
250
41
104
16
282
39
78
9
4
81
214
33
35
118
417
4
62
27
384
25
206
54
35
51
139
101
126
41
103
76
154
90
125
59
213
14
146
116
134
73
143
60
55
39
46
1
461
61
50
17
105
11
220
106
64
44
196
48
180
73
1
65
146
74
177
102
150
40
144
34
64
50
247
96
3
102
230
44
6
77
138
61
187
104
74
3
31
66
151
39
179
35
9
88
2
121
239
5
231
55
185
17
4
20
242
74
131
91
7
102
390
94
248
5
224
4
339
36
77
66
205
47
30
7
123
19
54
48
55
2
197
42
98
3
74
3
111
85
195
57
81
32
65
96
182
18
2
51
24
13
306
107
151
101
218
1
194
118
427
78
3
81
180
43
299
128
242
1
18
1
152
6
56
76
177
3
99
117
45
39
211
82
159
3
255
70
205
70
210
96
239
1
95
66
273
19
232
20
30
34
128
21
64
106
204
17
414
92
136
19
44
47
151
51
129
5
48
15
421
23
130
24
200
59
49
25
106
64
136
59
242
20
171
12
180
70
66
65
155
47
260
72
78
14
152
50
199
37
335
81
5
74
123
73
266
21
16
31
124
1
298
39
223
29
126
2
15
22
43
9
263
66
280
44
171
12
144
62
245
37
37
67
92
86
270
38
67
24
38
38
63
26
453
1
179
28
355
39
3
106
202
35
307
1
60
136
121
20
95
64
161
36
89
5
30
12
168
74
64
4
115
76
141
29
75
143
113
68
100
100
9
1
183
99
102
25
71
32
177
98
153
54
90
75
90
24
3
112
242
53
5
3
76
51
161
74
210
39
38
74
155
14
332
3
76
108
159
115
3
78
64
83
126
105
55
58
165
58
61
72
116
90
105
35
71
87
229
9
108
2
134
9
62
40
29
6
59
25
222
44
121
32
248
44
2
35
24
41
281
12
22
67
129
68
181
47
13
31
52
62
311
3
20
1
265
36
21
47
60
13
41
73
167
6
25
69
268
12
39
29
48
1
181
6
104
32
240
64
153
3
250
71
145
33
20
79
267
71
299
33
140
44
339
155
34
92
221
3
324
108
267
70
408
67
38
103
241
69
48
87
106
53
229
14
211
9
90
48
396
64
3
93
217
54
418
64
30
2
193
79
165
2
38
19
2
3
210
47
98
100
82
1
145
26
237
34
206
58
50
19
259
1
264
27
47
2
248
70
109
63
84
12
113
81
224
94
4
2
198
82
104
1
1
72
48
56
410
35
4
29
90
79
133
35
330
30
73
21
377
2
101
60
197
4
221
22
4
57
167
58
130
2
123
65
284
5
244
56
134
36
119
150
230
109
365
57
148
62
313
60
181
95
57
66
7
29
152
103
324
2
250
32
161
15
303
66
143
83
300
71
196
31
1
51
97
68
110
73
97
60
245
50
184
82
2
11
93
30
6
84
160
40
156
78
33
53
300
72
382
3
288
11
165
20
272
4
208
33
319
86
29
73
78
51
293
3
205
11
105
72
238
75
56
28
316
54
94
8
79
115
174
93
186
4
123
28
151
9
66
26
41
2
97
73
228
20
14
106
27
41
362
133
225
48
169
2
34
97
277
94
146
10
321
1
300
85
173
25
257
18
199
10
94
27
96
38
83
97
193
111
86
51
200
1
542
5
83
41
101
87
218
122
123
100
208
100
115
82
217
89
228
106
144
48
35
91
152
67
193
46
289
87
228
13
4
54
217
84
146
52
353
40
131
5
310
6
39
16
85
47
207
72
290
2
2
41
164
13
96
56
75
145
275
67
174
21
98
52
183
11
212
124
45
97
59
2
267
26
246
78
275
71
149
90
269
56
166
105
190
70
32
65
229
52
191
11
201
64
5
125
258
50
81
59
339
50
89
4
3
51
69
50
162
45
65
40
209
16
103
28
188
81
91
13
115
99
133
90
317
54
90
51
224
90
19
4
85
83
4
1
151
62
3
46
1
2
204
17
170
18
243
14
343
96
195
38
75
58
167
32
4
61
338
15
191
57
126
105
299
21
181
4
34
27
26
16
108
20
209
50
8
34
342
65
271
90
148
70
151
109
298
108
347
14
64
82
112
80
41
48
80
52
52
55
149
11
79
29
3
24
76
100
336
34
3
26
172
98
105
85
183
43
70
91
144
100
194
59
226
52
59
106
187
53
103
47
1
44
17
43
229
57
99
22
184
36
40
60
167
59
381
63
281
60
155
1
4
1
283
95
243
4
186
78
365
60
252
60
142
88
371
43
69
3
40
3
249
25
239
37
43
95
200
97
50
42
333
34
215
2
115
2
112
1
107
101
43
90
102
96
117
53
110
21
103
67
43
62
316
84
207
21
235
40
44
63
152
35
152
1
94
14
211
5
348
2
77
102
160
68
54
11
161
63
10
127
2
129
224
33
55
1
32
61
452
90
562
60
116
79
47
20
232
87
208
46
6
25
85
4
1
4
75
106
69
64
83
68
217
77
270
19
246
24
139
61
49
4
264
39
180
17
11
86
106
58
217
30
128
13
410
10
541
61
156
54
6
58
41
43
258
62
133
106
302
67
177
13
191
19
181
18
313
19
297
76
4
93
238
19
342
43
181
48
319
47
286
37
488
26
287
13
9
10
216
59
23
47
4
112
272
66
279
4
157
102
124
7
44
24
23
17
101
75
122
17
359
11
332
52
48
55
5
61
49
34
134
35
219
14
230
11
149
45
174
44
168
75
201
1
386
3
304
71
114
59
293
2
34
98
176
32
80
47
210
27
171
10
153
28
557
24
37
44
151
19
161
48
317
49
64
21
109
22
449
83
144
104
35
46
1
96
17
2
210
3
309
72
4
31
279
2
19
77
88
4
371
12
146
12
100
1
4
77
159
89
74
61
349
72
147
38
177
37
42
30
234
103
125
55
39
100
287
109
1
56
152
55
161
29
1
56
382
19
104
57
50
100
203
12
53
7
137
31
1
1
288
16
94
106
6
64
459
42
164
84
42
104
198
22
173
90
3
85
13
68
69
21
278
95
292
13
48
79
126
55
110
12
40
75
116
93
120
7
128
78
202
67
111
3
305
113
231
75
117
101
311
29
112
58
295
67
153
1
269
11
91
11
84
1
42
3
5
58
111
104
10
49
167
15
47
60
35
52
463
1
400
3
198
52
187
1
2
3
337
45
123
84
92
11
109
112
139
1
178
31
138
87
204
66
218
3
354
87
248
24
55
26
179
17
246
102
188
12
248
73
33
125
118
3
424
97
247
26
123
39
5
16
250
94
73
54
312
87
35
4
174
60
229
77
57
102
198
102
28
14
39
13
154
53
99
16
174
84
92
59
241
5
70
63
31
5
262
117
188
128
63
75
125
14
227
82
239
129
197
68
401
111
341
33
114
31
292
37
170
55
50
9
207
76
303
142
56
2
23
109
309
30
66
59
218
35
207
38
1
50
291
11
76
21
293
1
53
57
103
1
340
41
76
80
76
25
273
40
198
57
257
18
99
5
343
11
302
77
379
1
31
6
242
5
284
81
44
20
90
41
78
58
53
3
150
55
91
51
165
12
247
29
36
54
267
94
4
101
8
50
142
39
1
17
59
73
154
42
150
52
165
110
395
6
287
43
63
46
92
75
246
65
213
17
68
24
163
82
165
9
254
4
103
60
316
79
394
17
172
5
122
1
125
2
4
116
79
8
50
42
118
82
277
63
142
79
105
90
452
80
96
3
69
33
262
51
295
93
85
94
19
31
26
112
59
5
2
1
284
107
81
16
6
1
331
27
152
3
384
75
62
116
86
23
317
16
231
61
425
45
84
42
169
4
117
82
206
66
1
28
4
29
226
18
156
31
131
30
156
107
86
41
210
42
100
32
91
26
376
93
279
93
279
1
389
74
259
59
194
20
144
54
11
110
26
17
3
1
34
87
116
62
74
79
194
67
45
65
105
56
51
32
311
129
293
54
407
110
44
23
137
3
178
131
131
102
206
99
248
31
162
62
184
84
53
17
138
33
107
37
349
18
400
50
250
53
179
2
1
38
84
99
175
12
213
93
137
88
204
9
40
55
162
108
317
27
85
30
254
61
118
58
4
74
317
73
8
2
314
36
289
37
5
89
175
100
199
48
4
57
84
27
215
10
152
14
218
129
169
89
118
61
200
88
285
28
125
57
112
72
67
2
154
129
83
114
325
71
331
8
238
83
314
47
43
50
110
36
286
87
41
30
54
89
30
16
393
15
264
89
141
134
224
86
311
106
331
1
88
33
151
44
131
14
164
7
4
57
539
54
72
35
196
113
225
135
13
2
261
60
310
6
134
12
81
33
463
77
285
75
62
15
65
34
241
37
72
15
312
68
141
80
4
35
3
107
171
77
154
36
64
19
7
19
159
101
164
1
121
52
158
6
122
19
185
83
195
41
330
8
116
26
46
75
136
71
232
68
39
70
65
90
75
12
10
73
133
34
60
30
160
17
228
2
220
1
52
30
211
57
117
18
352
48
44
16
29
81
383
9
68
39
149
61
443
57
442
104
293
23
376
26
426
17
319
8
77
41
370
76
236
108
102
6
56
42
152
46
99
98
132
36
1
11
36
17
238
78
185
7
36
71
220
64
21
54
2
104
39
67
244
70
1
20
2
27
276
45
145
57
5
55
75
87
116
18
59
16
322
2
57
58
372
130
143
51
116
78
107
73
43
18
30
90
641
73
35
76
96
40
1
45
221
76
95
62
185
36
70
15
136
75
129
24
128
134
270
61
204
74
99
1
139
32
69
61
82
12
343
25
48
62
363
16
131
66
43
39
423
92
42
70
176
5
83
89
229
80
316
4
219
69
207
22
110
61
283
52
216
14
101
96
136
17
100
66
178
46
196
78
104
14
68
18
119
85
172
23
411
56
64
83
347
39
80
52
145
105
167
20
232
3
370
59
1
31
96
1
186
7
26
63
101
18
187
101
224
1
44
6
257
34
151
105
426
90
109
50
83
30
1
105
128
18
149
86
40
7
206
28
225
1
147
3
361
58
130
45
8
35
79
107
49
1
49
11
315
88
424
36
402
89
64
46
2
47
305
89
181
15
178
58
218
55
142
68
105
115
198
33
32
59
149
115
382
22
437
42
144
79
84
1
76
31
149
62
96
1
31
51
164
116
54
16
185
125
99
83
181
25
121
27
286
2
136
98
109
46
1
3
2
109
22
54
101
27
259
70
1
105
7
21
68
84
172
69
7
87
5
75
85
74
55
1
24
96
128
44
210
40
156
67
308
90
1
14
156
57
154
36
79
41
51
1
40
4
3
123
272
83
67
36
116
12
109
8
152
88
153
41
7
22
140
60
209
90
1
68
161
16
435
17
146
14
206
53
186
77
209
33
188
10
68
15
192
105
288
26
86
13
165
16
17
63
202
33
250
59
3
97
143
59
191
40
124
77
164
3
194
15
166
54
82
13
121
25
6
1
230
74
247
42
88
3
270
115
4
92
196
37
318
90
416
55
97
86
271
25
102
100
47
58
236
5
130
73
5
22
105
85
200
107
253
44
185
47
97
168
2
49
4
87
435
59
61
2
221
93
235
10
185
66
31
41
80
31
1
29
326
30
1
18
84
37
31
53
182
10
48
94
180
20
210
68
1
2
38
57
38
57
26
30
63
51
333
4
372
6
214
2
3
15
285
29
262
1
74
6
361
45
117
33
98
1
20
120
201
52
174
22
146
116
226
16
229
20
239
20
329
37
98
45
53
17
10
16
75
44
61
32
246
3
137
16
105
92
196
21
85
82
194
100
240
21
345
105
1
6
248
85
141
36
208
54
68
24
139
98
174
74
154
88
243
17
221
8
22
31
345
94
412
15
36
16
7
31
25
67
290
4
28
27
8
3
44
18
71
75
200
30
102
38
57
83
63
70
246
38
111
16
217
6
50
50
145
27
89
3
270
23
409
85
44
4
5
43
411
5
31
22
215
3
223
118
161
52
74
56
226
58
132
109
182
45
317
84
466
51
15
68
58
26
56
16
171
76
317
97
7
48
360
10
437
1
99
60
3
116
318
71
217
6
222
96
164
23
2
55
338
1
125
19
123
81
26
38
42
100
186
122
140
1
151
86
322
65
162
34
280
27
2
104
43
1
186
57
361
84
386
1
110
86
49
93
28
75
272
87
306
38
83
9
68
1
119
32
177
88
3
91
279
78
260
1
125
76
309
80
153
119
243
81
50
48
102
59
13
57
69
103
50
27
144
38
47
44
114
60
75
3
44
97
341
3
362
83
10
2
167
79
119
64
93
7
92
78
96
1
302
3
76
2
74
106
208
16
28
125
64
73
366
64
241
44
337
98
126
20
109
1
347
62
228
93
38
24
26
1
198
15
169
98
37
106
193
40
265
17
260
89
10
1
422
4
104
59
497
37
121
37
236
3
196
89
351
16
26
57
106
38
189
39
243
30
162
66
38
82
289
37
277
34
31
58
120
75
2
22
298
1
387
2
58
29
6
101
151
35
157
144
351
8
27
50
8
19
34
14
93
34
170
71
168
2
52
4
228
43
101
3
256
15
161
27
63
95
224
22
94
30
293
3
199
1
57
101
264
52
99
57
141
18
127
31
293
123
79
35
190
78
6
29
485
60
48
18
175
64
187
73
244
35
33
6
44
23
27
39
182
37
210
1
277
57
311
79
347
33
86
53
80
58
107
103
172
1
40
2
148
73
280
26
84
100
299
92
52
54
145
43
322
4
290
12
56
18
237
2
76
36
356
37
60
71
289
124
479
23
228
18
316
18
148
45
138
57
286
59
157
41
358
88
160
41
5
5
158
46
150
56
101
23
193
9
146
1
150
8
512
109
229
1
64
45
8
100
97
24
221
112
406
6
83
16
134
93
166
38
33
63
29
29
160
29
60
18
63
50
173
1
381
87
130
74
34
81
556
89
269
92
140
26
50
36
259
16
162
103
95
21
297
24
275
101
325
11
155
65
279
93
94
32
158
71
251
24
102
55
142
1
63
24
87
74
152
111
34
41
61
81
278
45
197
1
206
1
179
100
216
23
51
94
111
31
2
67
136
109
2
59
106
58
210
84
198
22
147
67
173
67
136
2
342
89
362
16
98
1
67
59
183
19
202
20
71
47
406
62
22
58
215
88
132
117
259
83
141
105
387
32
261
4
71
28
393
1
63
67
369
33
120
141
59
94
44
80
209
93
333
44
28
15
178
3
20
27
273
18
33
105
243
1
136
62
157
74
74
73
139
77
415
111
39
24
132
32
69
63
260
33
167
48
150
119
240
4
72
119
139
83
3
18
5
42
131
41
7
40
47
105
7
37
10
84
251
31
88
4
219
70
29
126
445
62
355
34
30
34
60
49
291
55
88
66
230
113
364
74
5
1
34
28
225
1
1
12
162
16
57
22
253
13
65
51
235
48
171
48
2
50
260
6
52
34
5
77
241
119
21
68
105
9
83
5
277
112
150
35
201
95
283
67
30
1
138
54
6
4
227
1
166
70
38
90
249
147
87
98
21
2
215
100
24
94
217
100
362
18
91
141
64
37
369
93
237
61
8
88
166
85
137
54
93
62
26
91
280
90
117
17
267
59
127
35
8
26
156
37
53
38
203
53
248
44
297
19
16
6
215
41
333
118
229
1
236
56
166
29
126
116
81
75
271
6
68
1
66
9
322
45
59
134
92
30
86
5
98
23
199
63
72
28
47
24
31
103
287
35
130
71
91
100
140
87
227
100
157
112
1
106
10
96
4
71
109
16
174
89
309
100
202
22
287
62
139
17
87
102
294
4
250
16
62
57
52
77
5
101
121
4
1
49
143
88
306
16
88
25
36
83
162
57
300
92
270
55
50
28
153
8
79
4
1
60
34
29
153
3
191
101
166
3
261
48
257
1
212
106
71
26
92
16
111
79
130
1
198
51
57
36
46
67
106
102
2
18
188
1
153
62
38
57
260
121
56
34
414
43
143
2
43
51
5
39
219
94
30
82
20
19
283
16
243
22
237
15
191
39
27
1
134
8
205
3
222
37
105
18
100
11
279
30
258
107
195
52
20
25
159
3
43
8
177
10
41
59
1
81
175
99
118
107
133
50
165
103
37
70
78
72
68
46
253
27
179
108
143
39
232
3
331
19
16
44
115
4
216
112
349
103
310
12
91
48
57
106
158
55
201
66
75
49
103
98
261
15
27
50
73
88
168
100
347
63
5
16
503
7
329
22
152
84
324
41
156
26
345
72
251
21
143
68
289
88
102
34
44
53
35
63
285
81
224
67
252
72
33
60
470
76
124
52
52
1
207
43
53
85
8
105
130
15
68
1
149
67
267
53
170
28
344
42
222
9
94
78
407
16
402
20
106
98
158
16
81
101
247
99
5
2
31
5
364
82
94
40
80
35
8
104
44
23
34
92
47
24
6
97
434
44
44
53
257
73
135
9
117
1
4
118
75
25
183
86
193
40
83
48
352
28
264
19
47
60
352
52
376
5
71
72
77
105
31
91
10
52
123
64
279
2
66
17
499
38
75
78
70
70
275
3
182
107
129
113
95
55
191
71
99
15
36
43
72
14
364
85
100
13
388
33
121
2
195
1
185
32
69
55
146
76
54
11
103
46
97
21
212
23
229
100
359
51
128
108
155
27
171
76
373
9
150
15
447
21
2
31
240
56
261
26
144
2
206
75
174
52
349
82
3
76
95
48
24
37
237
1
25
20
273
2
162
45
128
26
83
33
131
58
92
24
226
48
195
90
58
81
123
112
185
43
445
64
137
33
175
52
157
39
107
92
19
84
106
82
149
69
197
13
22
20
233
20
82
111
299
2
176
63
117
29
271
32
75
130
30
61
155
63
142
56
184
29
118
9
128
13
374
90
4
22
249
48
117
120
178
8
108
85
157
29
61
44
99
52
204
132
100
84
172
47
121
7
88
83
228
49
209
50
267
52
89
2
49
116
121
74
317
51
50
43
236
93
174
38
92
67
1
68
183
2
4
97
240
117
280
39
69
64
155
85
306
82
218
19
184
10
282
56
5
40
281
6
129
103
4
59
56
58
98
76
163
33
84
1
200
40
20
78
140
54
54
1
126
120
42
61
104
43
285
84
32
122
8
46
68
28
39
20
233
19
72
13
6
79
301
75
69
84
161
1
269
65
48
82
262
17
1
1
5
3
160
13
153
99
171
8
62
71
147
46
123
53
23
27
205
2
265
24
216
62
243
92
97
70
329
126
160
99
122
114
232
72
198
90
102
80
3
66
146
89
72
81
102
20
388
58
230
68
6
13
129
2
199
64
243
11
354
3
231
77
88
88
125
66
364
10
292
33
220
37
313
66
214
137
194
29
68
8
32
6
71
75
13
1
341
73
274
69
264
53
2
17
243
79
199
15
240
117
274
67
111
51
378
11
241
54
90
44
248
9
292
98
81
34
327
47
239
68
184
18
127
50
52
14
322
105
184
85
177
16
188
87
347
2
149
24
85
15
133
57
203
65
467
111
218
68
324
2
16
56
202
2
214
1
112
54
136
75
126
106
37
5
30
56
121
43
51
86
108
66
119
1
317
120
294
101
40
83
353
1
166
58
29
67
158
30
159
1
9
16
177
42
67
73
387
71
51
25
64
80
154
72
134
54
392
81
11
101
171
9
4
45
202
63
300
29
385
77
271
11
241
48
45
1
229
31
82
23
196
17
295
23
161
37
40
21
118
19
198
52
111
3
266
35
55
2
226
30
2
100
125
55
244
49
281
23
38
48
227
15
64
1
199
3
184
68
279
30
255
26
247
19
157
1
37
106
265
44
116
98
208
139
189
94
153
2
155
52
336
20
111
2
59
100
344
16
100
46
8
27
180
2
126
86
253
87
135
22
155
35
379
1
12
1
16
106
181
45
450
85
542
68
168
4
95
66
65
1
53
29
51
19
2
2
246
9
3
13
6
10
139
47
362
29
81
37
24
56
3
43
45
78
110
98
179
74
178
1
268
82
1
55
136
86
290
84
155
99
45
17
231
9
2
23
161
33
17
54
155
1
36
61
69
40
349
28
303
54
372
109
99
16
184
1
155
84
224
29
183
18
199
45
154
30
216
2
224
3
41
48
295
69
92
44
164
18
214
103
226
48
82
139
123
75
160
32
186
116
256
89
251
3
59
2
149
106
5
60
112
68
54
106
12
50
109
13
345
36
241
40
7
59
299
47
161
118
200
12
231
85
117
42
3
119
262
61
54
18
198
2
136
2
51
56
62
4
89
46
225
29
162
60
3
10
9
1
321
83
92
25
451
111
110
108
183
18
286
31
70
48
148
68
405
12
187
17
18
4
180
112
156
117
150
55
234
2
191
98
147
71
207
53
106
112
416
47
240
74
84
1
164
7
38
114
41
55
144
18
77
30
113
90
200
20
304
97
30
1
104
12
101
22
252
31
72
11
2
36
128
89
139
3
5
41
161
11
9
1
243
86
83
33
268
3
37
102
74
6
197
39
111
25
73
25
224
26
174
85
20
67
258
69
202
2
237
72
62
83
117
77
220
2
24
14
25
34
2
22
82
103
172
79
64
2
212
11
250
8
86
54
323
146
108
84
279
56
92
156
11
31
78
92
13
46
300
76
136
72
379
3
280
55
86
27
8
93
101
17
24
65
250
4
29
41
39
81
244
85
438
71
231
107
39
81
159
84
236
28
137
39
125
44
203
59
91
13
242
40
109
15
190
17
264
85
237
31
4
118
265
10
129
20
274
63
271
107
151
41
11
22
248
43
338
93
190
57
9
37
186
1
244
6
232
100
383
103
155
23
109
20
76
67
3
72
356
15
275
108
138
76
3
44
196
89
39
102
189
44
37
28
126
51
412
33
216
100
273
91
15
72
5
80
28
81
182
105
282
56
154
131
198
88
229
58
260
63
41
12
218
48
91
90
26
44
210
42
88
89
201
10
1
41
145
88
196
50
18
38
80
110
28
42
165
138
269
44
442
79
268
98
158
13
28
53
251
39
167
53
16
31
2
4
39
94
224
55
25
5
99
111
198
74
463
1
252
72
272
86
345
69
227
95
31
71
117
43
201
81
265
1
170
27
1
74
125
2
312
109
1
83
96
70
68
9
4
63
100
80
204
17
48
30
113
49
113
45
156
22
163
1
231
67
154
47
98
32
141
72
400
102
104
90
357
114
131
35
126
34
210
42
103
130
265
43
312
69
241
88
210
26
155
100
193
34
319
4
185
1
95
78
182
119
49
100
196
52
91
84
13
118
159
79
133
85
116
7
107
87
184
15
41
105
12
58
329
105
14
4
239
73
109
2
204
2
94
46
60
1
303
52
125
39
59
74
331
26
224
42
264
4
432
53
327
55
46
105
210
78
157
79
58
89
177
7
282
68
344
63
61
34
212
91
7
97
205
64
90
55
137
91
335
82
364
7
219
40
47
31
104
76
105
1
246
54
47
10
9
95
101
75
339
8
361
79
160
27
47
109
10
68
88
1
154
98
100
84
51
83
152
8
159
149
39
51
123
29
71
7
278
30
329
71
283
65
190
85
232
44
122
40
51
99
109
47
194
50
216
87
222
48
183
44
232
41
250
73
1
12
47
1
53
71
136
121
1
102
42
71
174
10
49
1
223
72
14
39
285
1
74
107
429
24
141
48
201
84
174
47
116
34
140
90
48
14
440
94
99
74
34
57
348
93
8
62
69
143
139
81
148
93
244
100
317
134
150
3
167
119
274
103
25
30
269
1
121
35
126
39
174
57
331
62
101
47
270
105
77
94
343
20
325
106
5
80
92
103
59
39
390
14
194
44
386
11
129
3
412
13
413
32
126
20
238
15
4
72
42
64
287
13
1
56
156
29
121
9
95
20
262
93
164
73
284
104
231
82
58
104
223
3
1
36
201
26
242
52
385
70
363
28
120
6
75
38
44
17
398
25
114
121
155
86
195
64
183
2
187
43
182
49
255
31
339
95
1
9
352
6
197
131
58
1
1
38
375
127
127
12
151
18
287
118
68
65
221
1
337
95
541
48
10
61
98
83
282
41
249
16
59
14
168
80
64
119
172
2
91
1
166
3
140
24
2
116
109
9
66
45
98
110
128
79
286
158
340
141
255
130
43
75
225
28
34
104
226
6
277
15
132
7
105
10
155
21
119
37
42
1
20
120
219
90
164
126
287
30
170
131
192
94
79
20
32
6
113
79
247
1
303
22
3
1
68
77
2
82
339
27
145
5
164
80
59
120
128
19
60
16
349
124
95
104
64
57
116
44
269
12
100
119
301
89
43
72
238
3
31
89
126
107
1
69
265
3
178
44
232
2
140
99
332
20
273
74
80
4
58
55
22
38
146
23
308
55
211
2
168
88
138
84
102
17
127
73
56
47
52
44
24
44
239
1
208
39
306
104
275
40
89
30
77
65
127
1
173
90
321
87
196
82
125
83
334
2
222
89
224
37
4
16
106
44
75
86
31
71
342
19
147
76
221
65
185
16
70
46
69
10
296
98
224
3
79
37
74
112
276
144
111
82
208
14
18
132
365
109
270
20
4
36
257
54
150
28
122
84
133
20
282
106
75
67
47
62
50
59
10
38
252
8
5
100
138
48
258
14
110
9
113
6
176
46
108
57
433
32
308
53
55
34
287
54
143
27
393
1
19
109
51
89
199
10
194
5
144
48
172
31
376
97
93
87
389
48
5
20
84
11
213
90
203
106
324
3
508
103
25
78
74
1
19
11
129
19
127
20
39
47
10
15
315
14
32
7
232
16
130
86
38
82
9
11
118
67
324
12
102
68
144
98
109
93
24
75
5
23
51
2
158
49
86
83
167
106
241
27
5
60
73
56
3
18
412
70
52
81
256
27
165
25
169
16
14
60
233
74
203
16
302
101
349
18
100
65
89
56
153
34
305
61
313
96
50
22
231
124
285
19
205
92
164
82
71
14
176
22
405
11
36
93
195
27
92
35
5
30
213
41
77
33
29
143
13
110
136
46
135
30
104
19
298
117
150
68
233
20
74
68
142
58
45
17
229
38
78
91
371
34
398
30
58
17
151
11
273
89
146
12
145
46
1
39
200
96
194
93
69
33
194
16
93
11
138
90
37
31
353
60
2
70
127
66
187
83
379
51
177
24
34
51
196
97
268
10
13
2
228
104
129
33
86
136
154
87
42
25
366
94
121
38
109
46
3
85
223
29
182
97
250
34
167
1
180
81
61
48
305
70
50
50
6
45
46
56
241
86
256
1
299
56
182
74
109
88
150
18
276
15
40
39
68
36
260
82
313
2
58
56
246
1
200
85
4
114
64
34
165
83
168
13
158
84
116
1
146
84
6
2
22
2
283
73
308
59
123
81
38
74
190
43
29
39
62
16
107
120
12
53
2
24
147
45
209
28
82
60
78
102
389
68
39
28
55
99
103
19
31
45
65
81
353
83
291
58
72
20
188
68
176
25
390
93
100
49
4
8
88
2
209
31
173
40
134
149
317
87
170
40
1
117
221
62
162
2
430
39
6
10
58
5
86
38
245
37
60
12
224
30
58
144
107
57
193
70
234
1
70
25
77
26
72
1
23
78
315
80
105
96
2
71
376
7
195
31
189
10
84
36
153
108
267
42
122
33
124
47
164
59
225
49
2
14
77
55
334
28
124
18
83
15
237
43
144
86
270
1
180
3
150
59
235
103
94
8
5
110
61
67
173
15
38
47
107
50
328
40
132
88
97
49
116
76
57
55
213
56
278
80
67
62
128
72
121
58
199
21
147
48
448
49
49
39
250
40
130
2
169
73
6
75
300
72
123
108
160
80
125
18
166
18
106
1
25
46
145
8
191
37
349
115
182
114
2
35
283
48
3
104
294
15
47
12
279
61
237
91
79
76
153
130
216
70
460
65
156
53
248
50
2
40
81
117
107
2
55
2
8
96
86
112
102
