17411334
43635254
13626809
4956790
22185783
2992353
24319524
27582574
1178843
71065739
36403644
35219229
2135192
21866253
6853984
41521364
47036448
27524692
42869567
90399664
52007697
54867348
18146777
55645065
42613431
7978407
36871992
79600778
34574124
41246
27108203
17714162
4787123
43650035
23111632
23599935
37606132
31137250
50522856
65495466
9517071
28339296
34020240
36388613
2120067
35675369
6665872
48783833
30200049
39836137
1755197
69683795
26524331
82919797
8166850
21223415
33791766
43358095
33513801
40171977
35500819
10237915
39696775
21143388
68141
28364179
32346753
27553100
42393161
10923547
14631445
74715416
38887192
32065514
20875
76172388
17987475
64888074
40657694
41049448
15925199
73041853
43088914
5318
963466
21269921
42366390
34218152
1723424
68400079
50591534
16974592
33206001
11928656
25633547
25084082
1366427
27180096
21727921
22676064
33493293
50394492
26951020
70824607
45800081
56947645
26504578
48859999
14042
719904
49722070
57415573
25722943
71957931
26862
10584039
29161669
9928021
33890288
6319472
23960104
56838765
9219813
74106102
14639566
35974300
246075
22935053
17133283
30664547
50810645
78533
5336233
11631600
20962298
59176379
5021250
32648019
31239542
61778344
6688599
73433994
6816498
25145210
50491071
45717931
30888084
27457982
7262
61572772
7704331
19483969
27678100
19191621
6878301
19359814
5656281
68159808
16785
24020885
15594640
27927224
39784906
1377352
23587736
10158030
44816070
14559399
21829768
64205035
43196342
20716761
920099
1862707
18417707
22028168
9884872
8045593
8683417
363206
52467543
31070190
30922450
48618241
70111
62123704
12756611
66087495
47444548
2217892
12912668
64504611
42349867
51139797
21600442
56947239
18489752
10759166
23626
36969642
10342357
39177663
21214921
32508995
459467
16752879
14299307
7307971
9459624
81091
45316863
64827322
28567301
22076818
8653582
44965645
46893667
54263900
52047154
40565524
6304741
39729444
96288
43200101
30088622
85815698
8798486
64175488
32364874
42449264
27150354
19462587
1669606
39468612
14710395
65233768
36558742
48246533
12632889
21141788
4432301
29084226
47535424
55462674
30138877
52332295
21260546
49645
19960245
7675676
145897
58663183
45158865
7040641
37046
73655251
12631427
72753400
41323248
68783
19857867
29446377
41651976
10404077
12539081
52654926
48997126
70825165
25189892
74817490
128673
68292286
35131106
35362613
36521622
77102643
11476887
66652202
5205073
8832717
30527705
57847855
38389097
11723740
39794819
36636916
17346289
46743823
25246137
35264163
14966832
26100885
22203307
61517981
23549056
41463156
58750
19893983
9830273
28003961
32363493
66131162
22625963
44654366
35570448
5823356
27593046
88851575
33052588
4418036
21737197
38137813
3555562
60300255
8729169
51244373
20793817
69476594
38850775
70845433
30174322
76389204
24350015
75432728
37819182
77877362
32705254
57417811
31215840
59786679
44454766
7520498
9038746
82518976
6299057
64951220
8130576
50910124
31334331
25479752
18971923
41049062
40519713
46822665
4790893
67742958
7153673
68024371
42618186
7842238
14149791
67722894
35199255
4602154
14782742
17311914
10803959
53762107
50116641
55501409
13832051
34825309
13136730
82839095
40673437
82326341
12119174
33892312
756020
36738559
47627962
12302505
43317878
81891270
25369186
38942276
41431957
64328835
42410820
27343730
35182328
32172716
1190586
35152953
3682176
31681051
27927651
36271507
10437489
47638194
15229957
9074377
28071388
5184540
49238641
51226094
42456667
45671100
19118103
49836552
19836590
50311486
17330285
77151470
22900537
35782733
39926204
69343
47995302
72510012
33237022
62088362
14800623
25467
22691333
43865302
36781881
18816972
32779453
47814854
24187433
16434826
37634739
26396192
39602147
30828881
24477
13729698
33795536
80897
46433638
12858477
29154904
78783051
779271
55289885
33784442
41708869
49957499
71923825
7510
25254628
27135575
17697973
29302186
82403204
13176456
49225655
29648563
43824533
11017356
51308690
9397310
74127568
33270
45539773
19259845
50936091
37295709
36605303
43956172
21911084
36104
29535158
29949610
79703194
100032
66419069
52157
61314026
4944885
36209775
429390
40314483
6939
72580380
45784182
97598721
15100985
22555779
38319808
68633176
33322276
48604724
26700993
34090415
6939698
3923824
42794007
21170284
41815707
31752113
9855
50003621
47805597
43470412
42833150
27690370
10623307
67992644
20169175
35716716
46799475
68070031
32482034
29040930
16168564
369251
15092750
44917834
34594589
61803393
25171793
9570346
18544006
1446892
32150789
68962488
9548786
57562090
24150748
32574
19500255
85334082
5811346
16154004
49835
70165108
48660061
50253251
51356333
53414447
26745106
5038101
15544166
17861
24967795
47567897
49499387
64700716
19386128
79560184
3881622
58131577
23060495
38782325
116432
38463419
346516
15441568
11141699
43960884
21459243
64597842
34386288
20147434
20225
22792152
7535449
72166470
38744616
62591454
36372246
17523793
9927365
21260464
24628996
16741436
34995522
1798385
4311504
63980082
1661944
24495549
30272570
10067715
5558662
14360708
45137259
20590844
24691947
9830001
35317541
38038661
42481070
78289954
36573199
46163104
27263513
11680067
13696235
5057052
34942403
56663801
41577
80953863
33763052
72699756
36917635
57163619
37858183
62992570
38786797
5081382
30693599
4044
31092851
29044353
45376646
55523
43077659
19465962
56927
47231
112690
86155407
25880091
9518540
15710360
1941788
24210770
63021317
1348806
60646803
64458
4105324
26910921
62430711
45837113
12645986
39760680
61755583
152715
78044308
31531518
55543777
15226
64297402
16977060
13334472
2982032
35298755
4044808
85507931
50164728
71175054
48548133
41629887
2624637
23827505
21765120
74711269
1549700
60502657
36309878
32864044
37345710
54435821
45474709
69408110
21921316
85378208
19637562
71293457
15583321
29627524
3690920
67712
26243221
5873414
37187097
38637
23060347
38434215
13425648
60105551
5149565
46701174
38224325
14246258
40789826
54845702
40290210
20287808
27149067
68996664
45167899
77018200
156082
79254098
8266633
50729357
17418753
31032499
26678070
85156496
40664120
48369089
35087874
35239453
14467724
83464642
39671631
6863357
24082074
69190386
8303463
74076269
30727053
34085534
13500443
31867715
17142801
68185878
6081930
67751798
31539946
69684789
17515879
53411944
54860
87636867
11769111
64515070
41442334
19035521
14999
46276942
14738595
73947779
6799699
26345
7718775
16155583
34907651
4661165
6512284
21050461
11245629
48991395
144925
63963457
16343728
82522495
40826148
17068778
13974149
43064303
35530916
40472230
17509053
32373290
18297781
57303756
1766556
25478211
33774642
2741837
37170718
55474055
33941843
36466275
15585557
33440526
25303938
9451218
7833426
50420186
13179252
58950984
34559503
26363549
34752391
68018536
3846460
46744849
42688403
1044733
38138852
6012272
68909
45753965
27083734
34952056
39692
81141380
43120305
9486317
12499763
32056403
298577
56177658
4425199
20416148
136129
42793078
39208792
7851096
25499199
27121515
7895634
10313508
17062698
28516292
34636914
67262037
42935
63968784
108887
10560885
4137365
75229250
6836371
2988579
14729129
52029440
36163643
2834078
6588
11776748
42113192
45713924
16241697
47250356
7473838
9970899
44253356
9213619
28291826
62731897
27782107
36805269
32274710
39965376
31655596
3666514
23569992
35422390
13498
25790142
44440652
9231417
7217443
66060989
35735433
21269837
34818081
39547763
23999222
54043096
39304148
7429438
26260832
16774202
1042976
9274122
19262483
41715927
43220712
8530905
33738263
65549034
37346344
51082945
54155
2722645
31576130
33271302
25314720
48833661
45801987
41343764
26510029
29622922
17766
59604254
57044
74825879
41118630
27383690
40297029
5325731
35571288
56685262
1198375
17608
5980732
6502796
49154001
60897082
15055649
51580245
40583295
73382493
29153311
47636011
40742355
54628440
43262519
35215754
22764000
6318623
17032679
57937674
20943134
43746198
43391127
49558996
105795
71285283
33401
55731310
104050
23031746
45520096
15362
38978293
79262627
7025565
29181814
634131
15228202
36151
39563
1370993
8140259
1697987
51816254
26853429
55714178
23355191
47404096
26586829
81857742
151009
19136768
33019846
55060495
32088245
20783374
204127
23349440
42621622
66275438
29687423
22821
21552335
50411878
45335078
59808618
32923543
46344800
21591949
67508905
47174050
78647813
14540566
63945954
32841075
10426296
5090706
4930062
12401893
77312216
25743264
20372608
33640459
20037462
45328512
1706291
147856
74162373
33448926
26601656
35568696
23784995
49649436
15251429
39902813
65342945
39672248
55240565
45522347
67432324
8898022
64016389
26632649
72172650
21643312
53906583
14869073
61782376
41418211
4256709
50342173
53515273
11349648
67253243
39306362
43494975
45390538
47280879
26346528
35992625
7015580
30767452
48946303
24130229
24360943
6464566
34276835
73809494
31934377
24255887
8469696
26150346
38234038
80203315
11697817
31124238
36563050
31798
8688566
54769867
44640978
30470706
10101178
61883929
19530307
69329348
37001785
3898114
5199048
51376296
46776041
17944517
38831005
46683533
38844057
8641863
10095743
13922754
38638275
64164115
30932517
57681858
47437203
56399293
31841291
7388275
39199031
72353936
26955782
8711946
33506745
2842639
7108981
10263197
810413
83441745
623822
60078732
16030165
32762121
34883
6201606
22322838
36015042
24045640
79891093
40705382
57420064
42659413
32372747
47471055
90723112
21363401
65456856
40814193
73628623
37982868
9371560
1353616
47297811
36399357
44464159
5611953
4372895
25765796
48669299
18419402
1587
39715424
2524974
4210288
70894008
5417372
56598424
5032923
11448395
33940600
44487130
30169998
47241455
39188541
74756981
514030
17879505
30572675
26234079
32527970
52380452
13629007
18439478
83411
70190828
16497696
22729887
11307276
66301197
4045779
58820353
30591773
17277169
26897671
27226478
49727277
42332582
4373782
67874323
37477947
53739638
48746344
40179840
47750277
9232616
8154874
19287465
34923977
74775732
10934397
33069120
12695895
1350640
12993067
10306919
40990987
89715484
10784512
60723311
69420
55811875
45035463
63701676
34852286
47603990
3012617
30080815
48661083
21613464
37788642
23426802
25436851
11166068
41444706
57941916
6634421
31396790
38910220
89111835
8531939
61136938
1936650
59520052
2634262
49082733
46779
27506807
66703
31971803
44811078
8389722
32628558
8580771
2948963
56132570
44866646
96340749
46747697
16295263
38495774
12194276
49112030
73048543
47611664
18946770
38937754
63430
6253657
84538281
33158539
26574135
28619568
66680619
39286945
72248979
15427377
39642957
41427069
77805327
30550645
14120289
41495522
87394204
40891435
83425344
7702643
33187733
50212812
26160921
24887299
84487184
13939154
51970091
15530483
35999473
36805084
67737451
51042165
4277624
7156373
24828224
20160219
47670021
20378526
57614349
15931782
63962049
45238566
71844158
30328620
33011338
38653819
6800722
36652191
8573736
37253733
800221
11067512
37807480
33558905
34688041
42774536
32314420
26263953
11869870
8064816
10422128
34460683
34356757
22745772
60629615
34113787
7947296
21191708
29544513
12367201
20844947
32515431
51652008
16503286
84040
35563685
1565056
18758734
38708738
51576151
48895402
15375959
59394497
29288752
52157444
4884196
29391695
31090172
89997783
23598962
68065948
18294222
47134365
221804
79925703
47938578
26763935
28885680
27932065
16247159
63882556
18692823
8684675
26685121
30908062
20456227
40809035
43451598
12743471
42804674
57539041
32892140
55152287
29180689
66542054
49449
16168756
22667490
35440653
46631453
39281858
32776287
47588694
110575
80169886
33531898
77498849
25390053
17909791
44080757
92677207
30469426
17777105
32638643
18729543
38255949
44739695
7014317
39013160
21506319
72167429
7245265
26129840
14628515
74684118
30784794
9870813
23441614
13963957
40470392
29341862
1520381
33881334
46661820
34457432
31611688
16763267
27719813
53489624
7814608
63853303
11755415
35276784
50200691
24164806
15662207
40598
22076448
50489296
36502024
49049191
38884135
75643214
47191068
9538083
13044124
35646365
31730688
72854438
7320530
68074232
22856935
42871427
40466055
41517712
28120019
72700067
19284300
32409858
6461588
9523780
3002020
29098002
4173419
39878226
8946247
80391112
28905540
44393450
117804
43659032
45025945
42714336
28428820
28208
10156134
23645455
29817019
44510656
13728918
15280140
45127560
74507876
374678
12186535
7759527
51547404
21551380
20125183
47096021
38215655
34406490
60200207
29301801
49335159
24154413
5685883
9947561
39940767
9355021
13232368
14246762
33274637
39599972
63178044
45762997
3415622
39326465
70271763
35776241
52601316
795808
22702666
37317930
76868206
23477092
32585940
13415910
23595612
5428653
288640
7359141
21230366
40548713
60544156
41205262
26606831
95265
58765774
23579873
78991586
36777847
9714496
12270975
3125464
22472957
50520897
40137459
9787633
27539729
6551737
41662267
67154055
232125
50658459
29969263
82022147
49189962
29634619
20346470
34626945
39332351
80661117
26591102
21196
44800010
33276
15068139
39100370
24022919
12245
49432669
55793556
39277778
42630547
29277656
81062208
21073471
66761914
55970615
10922
33246918
22024
904774
50850733
24198087
39036687
29160473
34410088
9029
59205081
15197755
61717923
734610
34151
3715533
29401561
26162649
19623859
38220081
11699010
31567659
4751146
27785865
22962139
5594304
15870503
13586848
63127690
6669711
72613263
34152085
83963157
31103140
10528636
27407433
34226684
48084221
3457031
42405310
71818893
8384677
30286445
37044847
11059453
20664198
40318618
1843063
34816138
40576728
67549372
6268516
45321302
38575618
77306973
16854012
43498037
35470923
31934831
6696722
57402173
32687897
1482606
32179054
12692548
6500683
7409637
34893671
29105544
7989705
24069115
27052852
66477817
8937249
47460110
33527996
34704604
3915638
8204460
16844385
2592683
29995
17705004
12008212
20160493
55090523
45053137
6510071
59500116
19167065
54820696
4342550
17400201
11148524
16543408
49539502
27144903
37238493
57755829
29182382
27966559
17986811
45712583
71165
50553601
46439768
39526004
28689351
78715044
16333159
50553260
24706432
56945423
14718323
29741435
49738816
47945315
37825879
59039184
47991374
62744193
89953
43232142
27339574
32417305
18541359
5605067
50217453
13183716
7930357
26013861
6518402
34087471
12338148
81186472
13466414
12269919
383685
47517544
43628387
77759102
36826598
40462985
36739901
23122004
43085306
19807026
2694819
62636034
47692337
70297472
30353134
46567040
7607093
34208937
11452129
87516090
35783526
81481392
31297661
28776822
27299627
72059797
65892
824757
7993845
45293294
43613655
5963161
40294163
77694766
24289398
30429365
28459448
12933904
11953000
67696116
861072
31532926
19450610
10106078
50740890
52336915
31585248
59767162
21262035
27616525
31595
63399833
10675684
69439690
11367414
33939490
48113257
55747179
12391
49130058
26456716
63358242
46365229
27313142
1719616
38172964
12361035
60494424
42987106
27864697
26578063
11667995
139641
33341933
35134168
46941089
42256817
69879604
17170159
38109853
43398022
42123904
18854795
75768680
4885571
78183968
44653339
48693139
13699336
66442012
19574147
51797948
112814
52670673
17406701
64225116
11688905
3627373
43994162
43351761
39631022
67095519
48168659
52118520
46449655
8070358
48306134
64769742
31300732
33173840
42162306
58948173
21472691
21117521
31206357
51475282
4479152
8186444
390628
65078319
42744
60722875
16431690
60065185
57708
30356136
14707025
84921274
7722129
44898039
18393689
19256322
329363
86289609
1364896
62211467
7529428
48500415
187511
59268914
45784544
52090008
24864984
960873
25982836
23838024
42087356
23286687
5574516
64278747
40414761
9150894
41414483
56702744
42208562
52698699
50770291
49909475
13897104
85540813
29052170
29029675
43339829
36931250
42450410
7733445
26306006
3159202
45499988
64697055
18885312
37493784
32655150
26451983
25502024
51841005
25650440
58249606
18149009
34726265
67982
5725942
12120553
53737114
34690139
80815073
46113814
50289055
115834
8722924
1171470
14325474
16718990
15065919
30617436
68120134
37033
62313901
18364428
69843430
20074654
47147164
37818174
47204106
17695801
7869
46884027
4838509
45255
72103807
27115913
64800013
48603403
38168245
33057502
10996470
16848
17870602
14093853
3897526
49064818
37519448
21309411
7718722
44784
68313462
30104212
19826640
30998000
45283236
3869773
37253738
15928277
23286289
17183515
20910928
1284339
17484797
29648151
58749074
11470788
83587719
21270353
82336745
7660241
54168133
13121782
53582133
47121068
79616012
16361950
26135653
28251245
56682105
13087923
49651102
48996339
1941141
19815311
70047051
20581836
46176508
25361862
62673322
46533958
9323195
3615407
79965873
19264911
70442840
2583852
61390118
51535276
27173264
44161746
91559977
11039371
27720861
26080749
65094478
16614955
40210597
14628462
12819501
44060911
4135837
4772282
12422840
30679044
64949276
44038931
20146154
34061872
42488262
42065404
623310
21656963
75920877
2596702
2605093
24826917
24980354
90540
18208719
39274248
48670124
15961
28344875
20125972
8746355
8369326
73599783
46846764
43285396
2359
18133418
21544148
43863390
21743163
36508798
18917
28652502
8211185
34999504
3853054
36694003
27856686
46445672
12453007
78963665
32331742
37094711
82182
7003634
34711626
13135645
3445123
15352778
4077269
54515469
8476587
12406452
41536982
75976196
16340501
57997917
89572
16897021
49863814
997580
23882151
58721608
38165738
67754679
22622394
9503065
35814495
7886313
1508968
68205192
57909
80231746
100278
2027390
29129528
47302925
22107
84527109
35639167
33952805
45755318
26564472
36772468
53832476
5840627
50095425
29898815
8076287
15935
6752843
31763828
70816490
17029346
4376236
20094763
47234594
31712401
63785976
34692378
23361035
18556687
26351727
17801782
74816807
91716
64429414
37291179
24718374
420828
30292611
36998674
35916101
16203873
36300698
43026045
10315371
9657019
25373774
71155
48706395
43202073
77050934
43132074
72615908
18469947
65895088
72581
19585025
18477690
39017603
2861567
54251859
4264180
46123730
28159435
89694491
27774076
14680163
24927732
85406468
29767163
58774682
40366070
20380520
38324098
72807529
47916
32659534
30753498
5452467
12560613
1497585
49005185
7459926
26438647
11357148
45282205
43947399
3973373
58899738
24938
52707569
25368160
33568535
22222
16248112
32730669
65526240
3207
52062425
31969018
10868577
9669673
50286296
20354450
61261583
50248716
32718725
27814741
91849560
16329
17965065
47423227
28379132
29005649
839571
48148841
53872569
41997005
8607442
26215938
40660341
29578805
12148645
32660710
5698829
28237781
85903685
18718761
36708967
3329494
48697677
41015916
64341478
25421056
69568967
7590646
25720568
21628757
17732515
8611216
34526973
13083693
27846486
16296794
58832752
8516844
60223132
430584
43801267
37000420
21706593
17840114
51925271
45127
58896470
47664537
1213628
14735391
36765326
43588626
85317
6956175
72813377
24326631
67240643
49553121
16830469
3542166
56270806
28962866
86387720
33723343
38186566
4762695
64040826
166917
44535011
28519891
39886005
8899179
20515
16732873
1648190
32181388
22691047
14850250
66244567
9566903
14609121
18950117
17609
15785974
73147482
8969456
21424136
34455745
22769232
29289957
37978350
21779826
3690423
49689444
28977008
95738
83320751
44754
895135
41524779
41467620
48399445
81166424
33043
48029421
33538402
44954044
25604585
79121885
29546253
24737929
8820213
54430860
845610
30852066
45291101
75288174
19084965
86806923
40336077
73595545
28810731
57082825
31246402
17141761
26305658
43873769
35838698
23690767
53408990
71558396
49273673
68118220
17699376
68717741
25724
41167127
2860916
15546466
21982820
92403166
15118735
63940056
67446
83031426
45890726
77897039
21365801
34956158
46181060
84990
9196781
38360667
15317272
65913517
24996475
6069110
3609822
59219693
7683941
46291125
17136537
49512937
62043
6534364
7203278
90170479
33940227
34460031
47461881
62616114
26327679
11030659
5659506
40737586
19232550
57641993
31188895
21509365
36487632
57840562
49599703
9649538
17744062
23127080
31654068
69203018
3920560
40903805
19061516
1482601
18968410
70289035
41881898
18542654
43854445
3025034
41535816
13074099
16235954
81207492
15861680
23396407
7674233
42728080
10444393
41316517
45216444
79645941
23539459
64880504
4497264
14228698
18480966
74233206
39658360
74245360
160985
52666018
47268212
62835143
47686361
25296
33689688
68908517
31462815
49009678
29122090
66100111
941595
63179605
18370869
46427457
22919701
31374959
41183497
57312903
3794876
47756608
21678237
48806696
40452648
17686012
31595372
22819009
13052914
52798056
23734322
56438157
10315765
42457961
32220589
37632686
48174589
30846855
44534535
29273782
42674832
17718926
34218166
38168502
36176077
14444900
9246981
37150921
48032947
52035258
16390427
51344990
11338003
53297652
16372569
32877885
11673466
24561304
26645998
62203678
48107137
60705016
499308
61139567
9760700
26957213
45050336
16387862
38841203
36604309
36453569
69166036
29037942
26361971
63357
39872459
49873850
11417810
35700361
58009235
27582227
74849101
149583
20483128
103406
34134100
33665642
50699362
29821382
11679921
27761371
27278473
29061897
36497243
41787854
35752159
16287801
43621319
49457876
63622748
30138512
64438868
43911892
79146656
28089467
51304101
21842188
15404908
25467254
75448693
28052597
49472598
49236090
64472749
47687844
1382116
19005736
37974236
50299
64107821
23448430
39466288
13344733
19622443
12286751
88161593
37182905
9432443
24038558
17794866
24264
53595456
14459
40981206
33099352
15357251
7928685
22570667
9564876
58814059
4623462
28400373
37429711
46510853
4436899
53037224
9804351
39124440
15549374
69393984
47732784
34527837
39596519
23899607
34477635
23868958
50356846
58558713
46060732
5459564
39834325
15151045
39362078
44134326
155076
76563286
6662467
52132398
3187827
73606770
25380
18436599
37084062
6627975
33445629
41158423
20988925
32599
14928386
65599153
30985803
14201
41023
11382658
27154272
78052619
19637936
19828134
10518557
41671212
27495048
54250360
19544952
64876663
32585318
4942759
26697946
38561700
39475589
45143654
24565546
17366382
32759579
26173804
45997291
67229592
30129851
4327700
35504207
60067731
16350894
48368216
10154966
80277620
41863502
69550275
32621533
7613044
42754740
64954080
16675680
32596837
19474712
31875339
36128042
61927612
21865606
82581956
14790785
47780634
35425411
28059896
7386295
10057439
30688800
62354437
4052270
43699205
29484431
71418440
258017
18989783
754117
46066405
50338640
40932331
2203212
13606000
6242880
39822170
35253254
54080800
49465511
35477620
7945206
34134463
36837556
73624201
38671637
70822844
36272
3932140
7889985
47995084
35523448
75309245
12328050
56185985
10988731
3699380
40496369
28384549
51223114
84112871
1599483
43000237
2767271
11097409
2957415
51304630
41962352
51610734
15307682
76799607
26762071
48237545
11910160
11312245
6616416
7300040
5961325
13959921
27671834
40192849
17322339
69954288
21990542
59977342
30062792
27040238
2612182
45310694
21452321
10801004
14667604
29777817
28341753
54350486
33626970
5812930
6896918
1902
24285076
50462223
21460105
62256240
23017884
52505540
8189417
26800920
1685924
85876184
8012042
14477148
27627812
48257501
43201739
37212568
47847257
66366850
41364224
56095409
37761009
70035669
14838228
30375063
34739402
51865415
25969394
10980008
6080720
10652646
48573960
64172225
41536519
45847386
49202
60805485
36975393
44594843
14329507
13720781
29392975
64482103
142351
39277999
78241
39208199
50987879
78142082
45843464
7414725
44146230
13689302
41931627
21606166
28848540
25540382
358
14445603
6669426
36357524
50557076
48488626
2518469
2465727
34963116
35449167
18225786
52869349
27140106
78937464
25143
22968638
7322609
25826143
30955975
60429087
30471562
6397595
3479855
35921682
15842440
78820890
19004328
45744838
10508052
67111440
34809
23432456
19909238
19723915
27535146
55732407
25490
41522207
32548262
36897988
32006945
48705985
46585780
4558646
13852769
33147603
35270668
53001762
5014355
6824013
28342099
49822253
5193893
25308828
21386550
14469476
4868708
19721857
21975297
21081149
37970796
11814691
43471173
20869690
43946799
73951356
7084874
13844861
3255435
11980489
1909562
61858584
40724862
57002435
13041463
2368055
45684815
50310694
20429652
4356991
16990432
63315862
20735332
37720602
8842650
50957616
33554032
31555165
17757910
13373353
20955870
19067301
29373112
46704829
1202385
10837
29740668
43696602
88159
76806946
23881170
66813702
38419263
25227078
35881939
56441348
29661112
10948635
10620532
27565198
16856752
69880639
45026992
43866087
22917291
2807488
34967715
55830370
30044
36812802
12441442
2724994
13708949
61603235
18420
52757497
37657502
58981476
23024848
22199108
816098
81034571
44184269
79742271
100860
13974318
13603630
51920663
2876420
69328325
10040467
4590041
45446747
36253949
37962957
10159337
49356368
15471855
8991390
66602424
1951376
54537669
17662706
60670115
38638712
47210441
10623297
57874770
47212946
82055478
14753582
18513553
30379900
3487
44027683
75550917
1321278
56549243
30692647
35103951
39063744
34383558
44798208
14880667
27167067
25240983
762881
54756567
22959867
56424882
9363338
15581437
42587639
5229949
40793556
14227737
6893
19587206
7755129
37823418
34452510
40416679
36969755
65283406
993420
16158902
1667578
65402879
25101414
72845725
8835892
7958347
23016643
7875780
39467461
36339119
29055012
45149792
2532546
21000814
13131831
26446065
19987454
42549769
9692276
60617377
24417400
15293863
50643477
63759417
26481448
53024284
53841018
73425147
992390
35706349
25513883
26753487
30652570
67812141
3511
92239972
35286713
61054964
41416974
3089
51052864
32145032
22633
60170525
35632517
34864177
15538419
24993977
16333555
46588707
34075391
73131487
122496
55748665
22682485
51279897
14929311
63244298
22547426
12544096
12235474
24615078
34547931
8860
27013703
5410056
19589869
19404267
18105397
21950712
10167489
83777053
2197058
75341532
32822151
72059043
35751681
3331978
42556318
3116690
50510820
37037387
27359725
9925511
48862751
47470487
42813088
47613634
17672192
33697350
24045650
48957651
22607758
26814258
4770235
441741
36406336
46248067
1426362
16006432
40949107
15745548
28072311
16507269
7938822
37098054
35771100
65960043
2027720
8025369
25886582
43262809
33030714
46253415
44890014
64276271
20741185
49623038
45745396
30198282
7918452
32704823
2096
28545519
36633183
57553036
2671608
16694694
14827569
31802374
38212687
32300542
32602583
35375313
37046395
52373050
31901979
63189799
22218753
4379633
4457587
5638927
47061120
18259835
4414125
46007488
8474238
93622367
120241
9870188
20188987
37154382
1693492
53214819
3477112
63574657
23004360
6194548
4396623
51907915
37307872
59680065
7462967
26448479
85696
9284055
9741701
33466302
25211
7020602
10597450
56502313
155342
1489890
51856
12545055
46900105
61677228
37087401
20716989
20730032
32917
50439
64009111
46093295
32422943
19176165
10825767
22455110
41314983
18059636
14088436
16571702
3923872
21469699
85095121
24068246
43026818
46611568
25514964
13571763
83706
6750559
57926667
30239610
37228674
1370751
28347643
847409
21474262
7036201
58617782
3619142
27596709
17208446
80938793
1014916
69123115
30813744
29097914
33276454
73599363
46715871
17742079
39470719
2091607
3995270
16617824
9540009
7594259
35972103
88825957
33471497
20058635
16228605
27644335
5827244
64744914
49498355
51368894
17010135
56387975
26534736
92611599
21080658
65506500
44113136
36089738
16689999
34515002
2337146
79749443
15754073
21335923
3006730
9419488
8245540
21702238
42236117
5828712
22491786
26483937
33251065
6909280
49153
31715712
35131698
8354862
51676191
61403047
17418726
7764608
11813183
50442751
8084760
41629
9177199
60452090
19413171
9119308
40962448
39853257
21213093
18734531
23831449
31790223
20382303
16890895
45820182
82610267
4297023
33526281
18598
41400531
29081005
47800709
26121622
65640
43283725
76119563
13904321
42401512
10667428
77000639
37979912
34129353
35287701
50777385
37141113
44027056
16002735
31744938
50235347
21913067
32163837
5792726
35164918
42709155
17074196
50756225
30496420
44796111
21208957
92532280
46476257
14764772
34206515
70917186
34595876
75198695
17655191
68456634
11979
33797644
45140952
9245583
4418489
53600451
46655691
11473767
6023344
46790031
47156488
34795770
157353
32607619
49472841
67568254
34520661
67383044
4577362
62452432
10671048
15953924
36070514
78623491
16681636
31375105
11813157
62293627
4336952
5179382
42011594
76156018
45011862
61501687
2284025
48792621
18063783
36860690
42648753
18330626
13969057
64643977
42295438
44518683
28957980
4530089
30848359
44465033
24606220
32231941
40282572
18849067
27367456
35766876
63580
47516777
16279866
36030170
34904796
27506533
13974381
52288176
18936375
36777059
19746767
14053374
20174480
31939226
10571113
28005127
730
65471595
26709104
7680904
44618107
55049686
43245672
24084027
49573645
49753480
27909513
32009177
36306
41566
41001009
59614650
788203
75307213
27778233
9543833
6553253
27184626
44416765
23407774
7367353
30871097
42614250
49939713
36849019
21657
934976
86345048
9949598
62911708
30289147
67075263
17680692
52360678
54251150
2724545
35982982
63078260
2474483
37044262
29026015
51663154
35161610
44475246
9215823
23714431
8944853
65160550
1019352
55291724
20828797
60656925
20824465
62251082
47767955
5370943
25742589
27754239
9931182
37917899
34146523
38388407
29941661
79583504
45371
36242043
13331159
59988230
9548005
66644314
28816020
40159853
1152819
9290565
9451413
24719410
10696894
47693410
42136918
54579491
22654052
54474927
7947366
11499
18101379
44368166
18834406
23575607
22202955
44045914
32133383
42135681
7949135
58543110
31311077
76458620
7798054
7738005
18798970
80460409
12321055
60144886
29032859
67033191
16922870
56769095
39520752
83897635
5753169
45040333
5561243
50877941
5037
79851054
11133999
44339335
10268947
84738807
1285131
32500394
21120339
52239685
33131778
59131076
95347
26906032
37887591
14296099
9879924
55506081
37538165
42879281
8850000
54521802
34535298
13673326
18493005
23679
35520702
33275
12514
10173230
50920132
9599177
4162382
12715726
7180495
785923
1139345
74174947
28614156
60110398
34789283
21005269
156658
40569480
23135577
82762306
159856
34737573
48552012
3831421
26552
10254773
44094935
34922964
884221
80520640
893230
2979449
42183158
29237770
15675994
42239773
11790406
4544945
39137182
42928028
10718764
71621287
40283312
35841
4181072
46656617
42929851
15575900
40237696
82305599
22746009
30519656
12193280
72085725
23536444
2415437
38320863
14910367
4329247
79288872
10226113
70441201
23561424
57264018
373917
7736891
16977394
77120385
43332398
46957750
3975969
73825098
36258748
37109492
43545403
80407093
25532788
65624677
17852357
58996610
53310821
39115982
39631980
26553611
44621859
80642774
16380852
64628499
28410438
33219531
20720470
14617266
10594636
10548907
33589472
4404667
21645764
70374152
26809397
60439178
12908298
46552679
31887348
21520618
4227807
31146019
4547864
52523779
30918792
30163179
7896460
24026900
49366575
46992087
11738078
5187974
15698974
57873823
33908008
23825730
13471842
41325
16505561
2803299
75795
55639833
25794838
7831966
3298470
71292658
42484367
37931984
50956910
61677946
25014289
6975413
23168008
35204
23448369
1888036
32560805
34212613
32778409
56330304
45911275
73356177
21120406
74952950
18597914
70529675
41136003
60345738
32199559
4524657
6931757
42617134
37818582
27163990
43426468
55652917
43124133
4053264
14724500
23794612
38640573
69421121
11518605
24754443
55768065
43350375
29078974
62086879
17982770
53992535
45923315
16086611
6703452
50506475
30984375
75835402
19445230
37930419
27367296
73066342
3894883
59322260
2269873
17251
40064710
33570066
33118731
20782004
46783413
52500434
2808082
38731862
41705378
24849114
19967096
1861166
27058117
68682815
16037575
32073136
905485
16885407
33365507
19804399
20611830
46473373
2094
1860199
12793274
43928220
23358554
18905304
80922
2768253
16030607
32027289
4679699
78297199
31074363
67657072
38048493
36178066
49698424
65924900
34735284
43411630
1533107
4029676
39100934
28419132
33536282
5888747
37586155
40947302
21515313
8893197
26100160
73934956
32761374
28270
26332288
12221910
44975470
61790214
38975
27322026
51721457
5623146
49485659
30594134
11565859
3788468
12706426
10152600
10003066
50166202
6264730
46666364
50693109
45815226
13312936
35898669
13338771
67270096
24662636
49567015
15627544
88087957
20686997
75105215
2657267
11673019
56753
67732740
48739495
48583990
27204867
5041158
31389681
65469839
11458913
52105868
19581032
51864535
2995514
66894102
43963056
33882423
13747438
52434945
26942573
12845938
44758674
19281276
45824701
903267
16828626
29722398
7518632
784702
44389863
11933461
14113911
33813273
23322232
43672479
36315744
24842904
123629
43840246
11640480
45699509
4258680
48116006
40937462
9891934
9143
24427496
13412039
45405887
3261737
47493868
44253472
30158944
7388773
3489441
3038311
47248756
2936530
13483904
41338580
29357164
2689481
63213525
6942790
59271587
38011106
70696125
12877123
32388411
4779380
86662005
14798818
66722918
28627244
34566996
815615
25664
29836624
25747224
22106570
18522112
387024
61411579
102207
60114756
10587263
4044597
11565185
914245
22663962
43071814
34922468
63941146
13639493
39867215
8352498
80821242
17041350
26260617
48921538
26154116
29636979
14086749
44044927
1956435
677501
19749762
48658452
30095886
21195968
78892145
34484479
7185282
46522132
69213806
3005502
55985217
43605670
13133781
52820007
33852082
30122931
37789422
26684661
52792941
18488446
34470108
28967327
13486364
30595275
70891270
45124247
1826899
22650557
66236838
38048221
25933234
116063
40547899
5368267
5780595
210897
13852238
34494072
23900274
40332362
28023397
1159903
50419612
13716557
27827671
209474
35778381
38189925
51150549
18104353
32318330
22544825
64025547
40494832
66606142
41306765
27860828
29865425
84211326
32079981
13968823
9405936
33575045
16114416
14632168
137559
80738866
34905601
59029686
94183
18620786
22180781
50798365
6690227
60720036
871519
87442443
13379709
61048143
1591232
17384689
43155665
8153613
8993138
19085419
41092992
77943835
950454
39290221
30253687
25618714
23271296
66219588
26150806
72655347
8979593
88396307
1402165
19295809
47243467
54232584
32653365
25397353
3906415
26329007
32520535
46231747
104516
56312
32473696
47585035
2227384
47437401
9374342
15110864
31034575
56817091
39702853
63169041
4163229
82403937
45251294
16090
17549591
13654249
42398431
5576671
9707578
38034159
165542
10657589
28472931
25090286
44161877
32371516
20146834
68994687
44937422
53907195
31717
77305931
6295569
80049709
33076763
15405355
46666935
14403396
27301097
57902471
11977577
68783815
42663468
629121
29848995
66269472
42194988
19228206
13094732
64518195
6286092
27720098
30019574
6028237
8505766
2000697
44427161
39973710
24080437
87288485
3098100
43039995
36833773
62655793
20281501
72041248
5281336
54614760
16271081
44402895
462837
29941542
62596
36586115
43618392
68732
38384989
50367188
41751585
13709604
25250984
10019270
52655209
44567388
26049634
43584421
30055225
71377664
8696573
87707702
11960
54257763
884102
85736295
17731075
42960882
22078255
940892
53272
32331941
32450115
27287651
9047980
3500239
39659267
51161937
21138143
59206964
18062216
60324369
16061462
20784724
6962784
32210455
16876025
53244122
36159650
50334752
38518139
6021649
1543396
18201034
24628196
70906888
44956203
355079
4703260
78818167
18076244
17251145
25957962
24090522
66504
73555476
13137735
1067
2087491
28084497
44844379
47536381
31912406
31647962
11801552
48407794
166922
58014129
45682251
74890029
168335
45898289
30706347
59237385
39305243
48120
43894856
63690908
7675258
1192852
181470
27746060
32715646
51517367
5080412
12834045
1390014
49346677
25370412
73540898
49208482
73453336
2328523
68331390
23061009
90536419
133414
25488804
9630660
21599080
9190085
5081897
11428409
16109996
92657
36206882
1783244
57113262
28114229
59106198
161610
36696453
18790381
56908281
29440094
75691749
21856222
45036352
30094687
40936645
41714576
71042709
19591899
17415954
27215074
95863413
13281
14500710
17960414
66193849
28388865
33302762
119606
11204
20269124
3230350
42700
51830173
39869043
35258865
53369
68704295
2208956
63846375
48151409
57051250
63908
68270123
27826941
34322383
5586
39573853
2626211
17492388
47218458
2635415
15189
54589436
14786010
8149104
24994247
59976935
2214811
58563474
37111930
43494563
50540
38559867
49173466
29017224
30596173
67037261
15400613
21033203
1283436
2717518
35078492
60940365
430213
32145949
17246299
46397404
21173516
62325640
16908612
16237062
8641099
33769660
46856867
24687390
6068101
17890734
49342643
68918574
15737545
20831694
38615045
65428121
31048315
32629937
11302770
55446471
25120620
20646150
14996192
70443223
47691666
65511479
28812788
44058
41391009
23158198
38151291
5344570
4763465
15878976
68045
63685848
12197894
65572978
24107899
48493590
39540399
58664900
8338088
29444641
9201176
38789355
36082998
48368080
45458238
84645446
20904725
19801102
41451947
35739273
17486836
22485963
56106
19586426
1552929
55650894
26721965
60704720
48572662
15405542
29267561
5406065
10927999
56050
46756366
34817603
13508690
32158601
53490284
81442531
2674040
75464768
16245018
29578691
8328622
34636834
8897267
72335703
18167778
70474233
26364809
64040036
24544639
65588052
132913
29534860
38423157
81934348
3657183
25369960
35099214
20004041
24846657
14015833
5594864
46035702
22217102
61658550
14555095
14006653
5950111
69031880
11838997
27652909
20719
75491027
6203750
11921096
12518372
95401301
38610745
24463037
36140888
50215075
42591118
71514011
33897403
61753129
50549
45054198
54176104
98149980
35362497
42043909
31437794
10281875
9291446
34701944
5410241
60152720
24911552
33749146
28929935
66260089
44786467
38150
7461806
73299856
34232180
31871265
34964839
65361404
25453945
43404411
43975843
74787744
36909938
45836856
10482770
72236248
1530092
11708429
12384154
20291981
45347762
5481535
44953
27726758
15623674
65909428
1112980
59070950
54130
26430814
30362616
38785771
36186886
31666071
30516
47543880
166646
12163679
24317971
76461176
46505166
61081680
27415533
3364823
41988430
29101855
42495013
70817047
13838614
46990312
46114362
64049148
30480711
11766328
100023
45536466
43991209
11655686
18844346
61658915
2128671
23436468
25366718
32824605
30579463
30455519
38999449
39763914
44667310
55115704
4170036
43466358
43526044
23600442
2477734
73885011
11930762
58606
39435554
8102836
40256515
61118085
40990173
59551169
43291736
10673096
19558547
16611892
25920437
77262539
80973
42974505
37880051
22848436
38424554
39183676
26763
21268026
28544497
67040373
29406137
60504851
25160517
27086
34848
7603324
40065298
3510374
17828
1282093
34475052
11252697
35265411
6108622
40784994
48746721
16774505
54530870
43720366
46038275
15106621
27009359
84375
57400
11975345
41574349
42401856
40651325
3794572
40057
37740880
18341844
38749
22689971
164384
71644080
38970692
3762103
2776349
3926617
14439564
24155822
21695886
59075714
2024596
9641526
34468069
28120767
33355866
10392534
3472728
55558730
290603
30881817
6837382
63141988
23629149
71738299
38156842
29323136
36204099
74795477
40017182
64384272
46479
46769000
40294429
40407548
44332
51692055
42241110
39305785
50586
16390137
19346168
66605061
56945
66439965
10024749
15815006
6230508
5133429
69773
47436365
19849880
78397201
37819033
26567177
38418061
68913557
5404296
38441
19869716
7934800
88752
6645929
33221848
76786240
42158279
66369033
3241012
74536111
36701036
41381680
30446913
80380443
94122
57850740
14673
3342743
38014527
47839204
52637999
81767278
39261765
47204656
19749234
3251150
2499867
26318777
46790686
66116994
43772316
86491169
40900
43756979
25755844
42045641
18583427
6372066
36461802
11024093
47948017
17910601
16640213
15640020
35670301
39313629
35739375
80517711
22908956
37513001
23371130
77846078
15718852
679312
30989335
38794691
13847800
39923999
13860148
83435193
3169903
43588507
4131313
13655510
49742
1099758
202463
73732638
14169269
58538949
1355822
4353526
6981070
4091562
3319390
80219617
632550
18593079
15425518
10277078
9536463
12410994
45994481
4977521
23106401
69278333
41656677
38152102
47048990
21712922
39320215
85970517
8464402
8378615
11152539
36612589
27038425
4184697
19289302
6222705
36479494
15232576
71330
8241697
53657698
68449170
15923670
15351130
47134655
67548717
45139536
43063263
19186809
42460476
71776
44775065
51213970
14263494
13862950
66068457
26442705
12829824
40462017
34704502
40718751
14140563
35351418
54859274
88656
61861587
22337117
44318928
29151846
20419197
40718977
51080621
36559324
49544481
48411299
47477370
46097820
74308130
45279638
67802390
30103922
26568642
31399351
51631069
38840083
64413899
2127162
65567684
11789986
38857978
171379
12581243
38742597
29258866
39500537
22577052
25297757
64278044
128657
84362313
35455340
35719503
28389324
20942503
31381722
66648673
7317278
3426722
13589770
21628105
5612486
69132
34793758
1309553
38649261
71635897
120170
91357010
19892219
14533053
35688138
55360923
37680362
37725003
15495555
30740267
2568578
64014808
27443802
40307608
47999927
54212236
27631453
64103729
5764485
30556159
28112005
36790357
10074181
78859875
22654835
1507341
43490857
83281406
18264297
14280562
29993036
1067
19530773
72600891
16766161
609
36172434
22154573
27396672
67703012
45217713
89208904
38424933
36914847
19455273
71782303
42765805
64501318
38621903
56857870
138498
73766259
46181887
13825743
33352943
48234029
171034
37899685
41725414
145597
6597205
15663161
29251111
63554816
39663043
42813750
34045613
52039469
3094553
19532075
35255347
8487850
4870322
5280672
42830729
37753176
32820491
75855674
137889
62624304
8637735
25538754
17484802
25949185
37205669
45027901
20662493
77040265
36441010
30708674
6346175
44773747
24732539
20715600
32785255
35439417
40566248
20017791
24331228
86322187
9138299
12995
20108729
51109899
33516668
39352351
34804714
83961281
31427513
38482214
37302582
43741477
46800671
66639364
6464603
48232930
13733529
55529293
15924268
30800174
37648569
85921861
9978732
49162736
39246346
43993118
19572814
11185675
50857
16202959
13060464
55930606
166266
25350889
8486014
20458353
21421285
15154510
42436688
64585994
44681973
43888455
12307971
59716876
34714122
58467822
17378007
16853074
19602155
57574221
48001579
75803181
2385237
38686613
1958356
78921354
2017598
14782268
47909155
28744099
43829641
72449392
32480406
49429099
43858955
15711953
2192005
30277520
7684711
45836152
10622437
82580381
16916029
48485831
14401139
67295680
79647
12704490
17074988
2954449
36250977
56192045
21790768
23514517
35621749
34719879
24865133
67738152
35005258
11485829
47192483
44861058
11357124
52278758
12241914
61279535
25592049
70245105
29744
29111700
11374245
41953601
10968539
81508774
33317810
32413264
15422054
27475828
48439101
28465187
49150
58553572
19915221
61468588
34924367
41354355
50378628
50850666
10798590
11641243
24552938
33980258
10694608
28584557
6777950
59879103
26916393
70458785
91373
1667963
33177446
73351191
40173339
40189574
41151497
49723248
24838603
22298593
13192035
38579024
28442152
56467880
62517
29551154
20879700
41940865
4932728
71696159
2902834
31023814
45712917
49444866
1593671
64572631
4136049
567540
53889
13953526
966940
64733468
39786013
82556447
47462813
47791912
20517531
4784036
41821120
19310600
16237959
17703752
43881833
43523825
24355269
42859
33829562
27060838
30721409
69167355
27811002
37983447
191828
70395954
34521311
46956770
25238378
55418361
19087443
20814903
3993732
36355773
44544277
27160043
36358297
33645856
17702900
49182623
46681892
51391121
40776081
10080701
21800068
47131932
40821831
72071228
41724856
37807369
37029928
38308918
35610946
5635224
9529912
17621132
19762936
36043772
45233001
28029080
47717435
7828994
27003796
42744437
38590950
25737909
29157722
34504996
40346686
60624081
173164
50921409
9643327
51538699
31872475
47086856
12031060
6991250
5726481
10338554
5996876
37121931
26433843
27982738
15273122
36520992
11120
3258427
5940977
25624
13125867
14661609
13960228
39497377
46283363
15616139
15268721
11656620
17807443
1772953
34423266
45341272
47500148
68952088
1440728
67137956
31803425
60721879
26267172
24864401
43210565
54059989
12015269
49890710
85916
64292626
7964627
13204554
5596664
42998083
48783181
751
2677235
78387178
31834675
75993903
5854855
11744556
28289017
17272256
31067670
9065157
20447839
59026431
3662520
4030
75470
27767345
27302516
60858647
22302473
11793578
26344828
70431008
34657916
38336432
2752190
61015239
3226260
16207853
12653326
62588570
47226826
20714613
50997322
36285152
36030798
91878700
26208871
7144832
25965231
27265224
45504835
14702817
13011543
40106863
37602113
12942362
19666747
17077084
24579160
56777017
20284432
16491452
41935663
63925001
26793846
37201932
2430786
12547020
13268224
64907764
13652034
54809029
75700
29769861
22216
15052523
41058882
70517791
30055232
1051463
35248945
10272084
24112932
55775423
20269559
11132057
21802680
61851614
15675983
6819942
96022
13290
30151
47653448
14765665
56900292
16855689
78155548
4113139
34372850
21818075
53980044
36585551
61275202
10295908
10649911
15167592
13611275
47865768
87286403
32352474
29265613
40252532
14606
9115847
47712343
796152
21455804
20623279
5077909
16314301
45364197
6993401
57167257
42684095
52763
39351646
80985581
20101014
86327702
15781592
23015256
37381701
61448233
14291856
29778423
85241
7308943
44062103
55110920
13655916
6837839
6820898
82368189
24259043
17076
28840908
79924992
39341998
41330133
21482049
38069
14156621
88422723
1444721
37711175
78921
7933800
38092613
16370459
29270802
49875604
45245787
50713115
25819606
74254227
45190633
75688443
7422152
82424985
2412072
69196608
12051707
75261502
13134
23927382
6117713
72128780
21906701
41306719
25821699
46219986
32358170
53491208
41408610
19579
19335410
17641824
17420328
13283790
10602487
75218195
18087600
75202825
41019684
33843725
7553701
8082964
13769334
25209371
7612166
69871440
17416967
6398859
23080693
75880459
18651993
54331572
47824987
82467539
41552420
25417912
34969874
61358506
42176902
29632549
36163
20312761
43078882
10864675
36556426
53899988
34788990
36186323
2173043
3586117
4210680
27049657
5086826
1934787
31651703
24965873
19581010
52072479
33911838
9090413
21991774
75746157
2651238
57997551
6441285
14327854
17273145
26195711
16161897
71751845
21946599
62555661
40222293
50579087
39250708
68606414
37546522
68893918
35180378
30575253
27995341
68481688
35216793
52802
28270894
72890538
10584890
2193439
13718798
60180551
9245445
29201448
41609872
71101591
7222085
9763766
47830700
68100185
48901
35065553
9791782
49223111
26312777
8354854
39443718
21994321
10714543
48812747
29856196
41241827
40481423
5141314
209144
235191
24030008
1982382
42562968
53041835
36691934
54045475
27337807
62673670
28558501
76999480
28399011
55971347
33996430
85566390
43057726
41747757
21983521
62943312
36518596
6310974
1203661
56195209
49714651
15597693
50516261
33523985
9769507
53653502
12062554
27311340
21854830
29427898
37492844
53572316
46423786
31511043
53314512
5210406
52904715
48831967
24770255
13932458
805812
20846186
40119165
5052230
9836751
23595794
38332691
28792460
21461526
38454104
9494435
11282540
27671883
12376654
36297294
25068846
50726521
34005495
69087
11873947
144643
2096139
48338020
6562483
140862
95914972
19277874
55957480
114190
47666481
20742332
24920797
26424803
34871117
31087061
37078973
31067095
45239634
28660293
17270559
43821866
51777936
82815
27264
29202906
65279652
45678448
48643161
46489382
59201934
11671852
19536244
68205
43065972
570403
43425824
51753854
61171224
31352644
54533523
13596445
6937024
1270164
35616184
19895818
71918877
41837766
17198433
14065318
24898527
3930541
49590015
44698877
46424381
84901
57934883
21934162
60145044
21890178
40967089
11971342
78077713
47563582
12787190
22441801
46388077
29523782
10125287
25985343
40749091
44459978
51484427
27291450
61635154
33469994
79756645
29489068
7002750
10832963
33999479
32329830
33102850
46263151
56281766
39531559
23012828
47273269
96921058
28559503
39031
4217582
38422894
798785
17978829
1288232
50817225
4626084
3334143
4106527
64928440
10357263
52564210
24389308
60626795
109285
29251760
7063782
13376180
36245548
13650170
46147251
65470081
5235155
75418653
4362958
44123068
17602950
20774743
48000081
67766069
1423466
2880166
5972710
57601178
48953670
15130
11193583
25509476
47925925
26380018
20189567
44160276
87728
842847
42802166
81600035
6032382
46100122
18333973
56221400
76919
23963159
45466814
22273159
25068588
92301232
24189793
23444680
31930733
81848310
3700930
12557700
18304995
18083988
31908472
2344390
7718252
87141962
4528306
59422
64186
67255589
24398825
72603445
11732966
43568695
87681
34675069
9687767
64845541
33393436
10276399
822823
29735209
69601
34070729
1025847
6931442
46777111
34870
33198767
79832120
29837058
20311988
20142507
5113594
47936641
39031279
1626853
15852819
40962285
25487384
30822693
3120751
22603098
65020183
4597352
6944829
40411137
23761435
30011118
82823541
126670
23839273
71272
28983059
23706
38719873
1339730
52410234
32305989
77924839
462298
42795696
7383915
51103917
6473940
45284907
6623
47388780
15048400
28627
2168159
28462078
26177623
62487589
5312
51957002
25989607
58562240
23454288
18458986
45833852
38638259
41113826
22749325
12586593
13331685
19537142
14135771
27744342
43785076
43247996
29572159
27478853
46928105
23907
23851697
1144377
35239697
6690270
46753469
33815437
95482671
30503300
43839751
43125159
28552060
40718462
45058764
7416631
54220497
19575220
90129232
39834
66372887
18596589
5599907
19741238
30064852
94090
47911914
22820362
50699083
20022243
25469114
153647
13480
33954248
53713891
39215269
53466281
12091158
70842017
13458247
38679957
38490908
56377830
21312312
82704081
35131660
1983095
11637898
69981705
27133041
73045198
15897099
56731747
18010292
85099504
781808
1149574
30407283
57665985
9069256
9355514
30605632
86633272
23241278
36917000
47733188
7062565
35768599
24781826
99787
63449340
3382823
21454768
25391988
56962094
46532938
14842043
51044188
82824856
37941074
63558937
34492011
70104991
38109468
10807549
36275259
12728477
19408954
52749569
42459112
10075061
9766733
83858174
30743902
5517062
19208665
30143755
8716566
59448442
179013
41309191
5077215
36574527
57402
53736526
34691346
51663173
20766258
39995796
8303695
58259237
33528580
879334
3386883
53694923
2302741
58757074
35053269
20571261
12390181
52140902
29806583
13862016
40843339
62520023
9506436
51940060
44149663
56096239
34361366
14847620
716678
47194754
18874546
7570
40874193
42569926
16843942
6659487
38545840
17513411
8810560
20679685
3982519
31818243
39689238
2490696
10806171
5618822
20127362
57841784
8400989
63757844
157969
64322098
36689612
9974150
23901597
65423583
44555092
67162662
32426710
61909
30532
32240612
26619618
18112851
7178
64648771
45732505
23059646
42553847
79801626
1459847
15978839
29476818
63362372
19874640
26045905
41730274
25541539
4598186
32960817
8287891
55761818
28637266
39673092
52763600
46596181
27534876
63404364
1542380
71863479
11405485
45183928
2808057
55208814
13672890
6668583
46336911
86262375
32038
34512763
35722098
59249337
10178340
50625652
42993742
11512013
8551453
41790789
25989950
16605189
39462783
23231885
33421534
42762636
7488377
39038997
26587335
34166385
41253330
1466813
15826430
57493694
43401001
27376895
15455625
60820752
7283380
53719899
20705928
56526144
33059796
24129588
885800
28143646
26888604
41379588
43979802
23287290
109582
40239567
32829096
14266414
39114764
59665368
125107
9784
10111927
15225972
23813373
79459505
43121697
51958878
15944582
15727347
16231156
46210548
9374923
73440201
21058271
58820918
33214045
5095714
10918611
11892398
12712399
77686922
14517758
10417866
31316090
9763097
5814319
38090896
4095046
2008082
90348
11600777
9613040
32081661
42556598
89506931
1567722
4584273
25979832
5623367
20698023
18586
30754840
4172976
25390925
18980303
51170032
3081272
6464422
80934226
20794855
12316753
27896129
81365118
23699088
41852214
8877279
22424130
44796263
21421927
39743270
50801062
13515594
49422367
36361493
14164773
41182507
34104693
30619503
22706156
70229
49119335
24763712
56629070
3124570
510844
999651
10891
29924908
20523412
37346727
17956215
43228083
22008777
20526206
59177452
29195926
25545490
2031800
82087289
47780924
36571955
71256
64772029
45528982
41395185
14408822
6788670
16924629
20802681
18793547
16108279
24685969
55382439
43131137
2976632
643478
15875954
7259791
73557094
1089
67369718
2995591
62512535
23797097
81798754
5680
72767045
7163886
74727632
6160314
64029628
36124653
24707234
46191436
24757546
52279008
38606669
19112937
35621198
47657955
8389363
13829109
18903716
37634563
75202080
23368409
76347729
27417367
50944464
30937840
55492477
21705163
104310
8314693
50373360
36097830
17471688
2669096
12777412
8151795
58882
3838083
50808189
40390613
77582564
22040035
58791272
38223804
26451103
23501800
27820528
37117937
55468791
5193832
45831689
29186030
36112628
25292005
29264078
1255222
58979312
41796642
37935654
19975135
70042219
4411449
25241925
8312828
71096307
35069362
20358916
14801493
50429543
34960735
4274659
42502619
5780822
30981401
49857152
53385489
215736
17121448
74914160
39437845
23841
18647910
168778
45754483
70446483
8671648
33122457
38610510
16070121
36204764
17755477
11101546
53142719
16997514
22038310
19887051
58486091
453078
82615922
20523838
35713272
40372682
4987351
23086428
12084262
12415572
52305702
2390528
64749839
25818279
82266437
20355847
82829760
3731047
68721533
21981122
481902
3291175
37345751
20082093
68010251
985131
43155400
8451129
112048
2813634
57167143
50282344
3996690
50576390
11882643
36105
27861916
8679446
46502095
4635763
9801698
47593858
13654154
16934710
40953838
50527186
14289598
39826
12595811
20819449
64962329
70900
45491847
32732513
17463516
48590315
48331035
31122251
74486435
22614535
74010778
43672322
10186545
38295953
62111
38270477
7933627
34412868
78550679
46983771
71542101
20781584
6956194
32936008
82148978
30148041
3001032
28908780
58529500
39754377
59706144
12118943
55849209
38776
46607441
20622708
42063716
22329576
28739977
9446826
32468659
52773325
43477066
45471183
49972241
22427357
12298564
719637
39046415
3189094
49025487
32256169
77838071
31887435
1604516
10270121
44282554
38278501
19884583
19075022
41187638
1464675
13588431
52438757
56308997
15376
57472062
54947378
6077838
17243642
1088187
17172
32577638
17461
15190851
27605475
56112711
11834117
15352310
10140830
50636345
10853604
35156139
19666097
28665438
4090260
455432
45015565
65496654
26639302
59624820
22013287
72510062
32287233
58932236
33744000
36460721
20450296
5483988
12742
25027527
49172526
15473267
33978559
33743581
41269806
41397850
52830301
47529448
40926411
13390406
1906714
11503248
2555375
35650423
37464983
53535520
15527402
63224295
30328872
54606442
6911182
9563759
46493814
4476301
11027566
48844242
642977
71693405
39696237
79699763
5825976
4103858
8670677
21017831
21589515
44775151
25400403
62480551
37993843
68616928
27381556
79291707
46035559
50534537
17685
8743424
38978555
40957542
23564787
42441780
33857623
32416421
29325184
22917649
47523690
65680413
30463453
77867194
6478251
70167873
6682933
48020442
20455016
81118725
17819
2844023
18022713
46656628
45443706
13889791
21971172
11222801
35099
24454146
7225
24159226
24145567
26135493
28461178
53340261
42334486
26377842
3948790
76644184
5996616
19602804
36722749
78836749
19033311
47217931
39054821
71976519
32857046
60530362
29297573
85467393
14330745
53747245
26540874
30132674
166781
38895116
11502047
84461844
30441569
701054
24872494
44505730
35931036
35539383
121420
7933114
10507151
8186708
7643628
31452889
17866286
72624472
20578932
13118124
35300393
68990294
364339
53932634
20297007
60121183
34093955
42437597
29858154
58232
23075677
63334480
24360657
27656711
29628593
34749120
6131361
27493547
4304274
84589187
36136666
51472740
42417185
23187424
15122659
24611979
56205205
54780527
35663694
14517162
158049
46381687
3883662
37004
14110253
46296393
11608474
55974540
42068169
56476121
18374963
33273374
29363710
57690386
28217104
26943889
20009260
57075513
14333367
36550843
9547102
38327542
12210976
23501306
7514712
19523356
10498293
10142530
22496806
37033895
21833382
23053892
38355775
26737948
33282701
75549210
57393
13264495
48723914
78090899
6746555
41643148
38471494
81928194
27093
75223197
26520437
74274540
30804226
45980624
32411318
6445601
32132825
38536011
9250203
33634240
23605077
58874423
9244477
19483413
33719
37074266
10623891
33727165
45970732
15977692
34737646
22554607
31048333
63754266
37098
9555180
4293
7080833
41585470
169254
32351241
80868428
6514293
48980363
7526747
65465962
7491295
80845739
1669494
60601554
32455624
35282284
6738093
42946928
37992278
25381824
2575373
43039655
198080
20188071
12815396
23832057
3171513
1465251
36973453
10170294
13935924
37142142
18467972
62318824
6870102
24579330
5658696
33039432
38984208
18779064
22414985
75165989
16013099
27015725
30391770
29791719
9010793
57883236
14248365
11287825
8862886
61303314
24263416
48653935
25522581
35751411
20866508
39330180
30452056
19509964
21277695
18630646
28855982
62509562
26118175
11507017
1521
22309028
30058255
673899
32512236
57727485
33579494
20779951
46209780
58078444
4848702
52029260
5859719
12769046
37247858
10260135
30766338
22071634
3499
65053481
35708827
6545605
10895233
80426799
24588558
25760651
17711
22130562
17852
75591095
45461016
60787614
7377406
903459
21372592
42549336
17826878
11995439
20759262
24450169
15366311
28571388
5046423
71854404
25540434
44070475
953508
29368931
47058421
44807411
20435379
28346745
25966289
3751112
41675377
10251570
41347558
51179372
10989076
38269501
9374835
6146078
26182672
32783455
507387
44911862
29765286
18037507
170578
38499086
41201022
7653347
8449
10991070
38779974
24373432
47012606
68893338
140347
27922221
32149313
23842967
22825766
51349631
43081701
15738838
20598474
39479268
31952228
77210069
43721154
83099750
3337668
19773
25908118
10607105
4595130
31516470
12990677
33657578
30376290
22747996
45741831
29827608
3954
35951575
44035335
76772014
22418284
10051107
46237941
28370643
51330687
26145998
16599859
58784854
44123211
15267137
3433998
24276284
32507605
50739705
33130690
52429
62804
16207540
33630489
76212639
8522397
43234900
99923
8203
2073785
47083859
43252807
14748473
102541
31673130
9454427
21972846
26054995
6021182
34177344
39343219
16494370
77127422
25267717
7167488
48059805
51792439
3952485
39920681
12542552
39133207
1727036
1540777
40716350
74283901
277201
23690079
9306691
68454551
25373
58386442
9535161
43663268
17330659
70699211
1783771
49916515
44116305
26702205
33631759
54606182
51331209
29147911
43502405
20142278
25822559
34747466
41644343
40319458
7724856
2959713
28090536
48685293
38945126
26020185
16758061
63508240
38483182
1723343
20875781
44297
46103061
48296351
43620769
15764474
15982047
65209933
4279574
96867825
20130443
74351509
13094924
55870278
23648861
36570604
13777851
20634560
14982512
60318290
38598349
41555553
15071634
74908378
12143948
30199630
38330158
85008916
11037130
60778376
32290839
6558263
43238117
6082669
179314
35477116
21580386
39426572
1122618
47142956
48817348
40126568
49502825
42789225
14110999
5344214
31388657
70197511
14943
20286997
5323708
22427567
32279218
52401378
19787803
57102865
44192834
80418545
42652659
25236135
33446855
9806873
20037450
11665984
36595087
78556948
48983500
17282889
2888886
7688042
31907743
38592495
27870684
78228148
95511
33416707
8071309
59175138
43355206
28890
17742964
51598630
45364955
22803757
37451684
26652837
41622013
12559954
41565613
17689627
210607
69846214
28670567
12089723
16592784
18055994
34679591
33242062
7425887
27694859
3749590
73706103
33746283
6257234
16282354
54310810
28389731
61539018
4138921
27965265
6196600
34796935
29944564
14008011
22629745
70112695
25391393
25222555
48011634
25232942
86836
83091765
37734287
92608103
5982512
61722987
43843012
54674880
11465153
55450630
8945143
36413572
92883
67313913
49645117
33336051
10378314
59291301
35654703
32203283
42755411
72675100
27877729
55507162
24978349
32413569
38400675
34190420
310420
22026751
11464979
27022158
50373254
33761528
37419363
10357451
37054380
70637615
26323524
67365388
24680361
29795942
2684776
30836640
7229663
48886363
27101940
70261206
668219
37451573
967464
32701209
10022126
19704537
43496371
2640169
634467
44526948
19988325
60908658
18529981
12959320
14622002
25589971
13858560
18512995
11522886
77201925
45132156
36843828
46094468
38772026
2370248
34376055
49256829
17609261
32396476
32856
2281464
51063910
50985084
70624277
45779910
23805857
49955609
60230346
27399697
35696890
38793610
14730626
7634071
53206211
163752
35441267
5123291
39774866
42164299
69598019
26579655
12634744
27192046
37001123
48602
4071174
19968717
59173745
24331767
79571138
28505523
67140462
6246305
82936
34855326
30535555
11938467
53602
31443399
74503807
8691218
11097034
38610097
85717653
15852014
10995933
6836729
3053826
41120807
13428399
20206846
27396876
8931314
28781164
25379265
20641966
22399714
39675542
42733583
61443384
44007916
34981267
10974712
2747308
5462934
72972678
66079
38681923
160623
4891910
45707336
14224012
21617411
26083402
21753320
16560693
24122276
5909791
28537024
43519957
30769145
31164144
43314182
50593642
17924188
2103883
38961008
72212601
16764400
62360665
21116385
58465681
143968
9245000
23362445
73051917
30147249
64383058
13205518
18013007
31973030
52432277
39323366
2824426
22287794
7177365
11196934
4481712
9285219
54257719
48326298
74660248
5621639
26570828
9065696
59249135
45415319
83859837
13666002
54075291
19657638
31613521
43232060
23767131
1163475
46150383
48093736
56055652
13037606
32512144
34299185
31490
38350990
3700563
341213
832334
3906173
58529411
13784558
11971
52026856
6223357
51831107
31595810
46540
64256903
17310
70196824
2240429
12009550
8273968
58291982
21870302
61236407
27422224
39130140
17845308
58652
41652323
69106179
2176131
592012
1912748
60270312
44632216
9074091
1602423
41653606
17811388
65918333
53089655
6663963
8357112
25791236
28009589
68582507
44039
75704591
4422232
90691741
31793757
15970278
5089865
63494261
18862414
31747160
33141340
33682393
12205682
31160337
3026564
43625150
19296274
67835112
45487205
77713888
39469392
12173918
26721280
14555307
35459665
36805116
14931769
24310005
47683544
17331447
19323240
2329777
25002541
14235874
765476
57147
47167494
15783513
34265898
52329947
11646870
42540
8239209
62116808
22155360
10899631
1519055
23483596
2868771
85551982
30683798
95059018
6350665
71488599
6825444
52713255
43415481
9826930
29399640
20466087
23024275
49364257
1938043
2146916
44292333
49891182
35191122
17531687
47535109
8449
12449224
52662138
26549680
84977260
869604
14949007
30937455
29627894
35233971
18884272
16125032
2435201
28505386
27658131
17589
81774510
45951
44408
19527817
70412119
42276438
57869278
30961435
76889289
46884320
75111559
8556460
61511249
22561907
40833300
178261
65059970
40956154
37692104
33947982
72665246
8690455
49212480
12492250
86296241
15055244
88014896
15670602
7280482
14448719
39190021
23781568
16148444
30807022
30597317
7020785
21527683
173945
69272198
20378740
43789656
23137224
71971590
10712398
52505705
25640247
25795462
104008
585521
37808363
65895690
4106683
14084
20919090
73504397
43865113
65390799
53653
35845203
31901924
3294094
40923058
36450234
35736998
4052
40343720
26537
269488
4021357
31040259
46766982
31359830
47442757
33443981
9523885
34222774
5848798
4796797
74591698
32945161
1243228
14706805
27994127
63518
38471224
47665077
16038045
24062633
61134295
13640575
75956650
2015761
20219691
12557929
93441681
96544
823131
22166412
37950578
31606786
12596641
25999237
47954626
21649934
7487086
27524763
7655257
50032012
80563060
24525416
76496995
40341
62549898
29965137
45948379
12295715
3288
31532983
64393100
32956706
43681777
32542130
50260559
12690714
22526528
8645835
62588873
10951846
7772651
24537738
24946433
25322058
51188228
31184967
40475618
13317259
20283105
258523
59874444
37676700
41196724
32756136
54538597
33369299
19897346
19414857
4705672
14386431
58458076
16606049
10208060
12724111
17352040
48254156
31361034
21439131
11458104
34144338
75661856
10095216
31310565
4393568
39248480
43818398
66178652
41886589
20803332
266837
69816085
16816336
5274177
16994493
65116108
4418122
1616153
2570856
17700667
14743488
5699668
15352190
43865145
9832865
20022838
34984087
39589760
26020509
79396791
50774289
64475387
34937411
21502591
1058030
39764450
10655824
94161873
27766365
56224413
48592533
7789884
7502
27145552
32984062
52980722
33752556
25206421
46139746
30747121
132727
74029529
867515
44610421
29841037
20583627
35091
66666209
43659260
19219313
30095980
34248690
29702820
2980575
14917071
39504990
13163152
7953089
36810277
27086792
99575
68398198
34282528
1092104
3982599
55413829
9539877
24804012
1553428
65510809
19385392
331
17526563
67138139
11288932
18410126
45625464
35048807
32993235
7385285
53278072
5460368
37452690
29370348
29718272
81793167
19888702
16825466
29624447
37910236
18444547
22389064
27368561
15055770
41794166
53661769
10086808
72170738
46097955
23071759
11221
27759588
28066112
70032093
28475396
55142242
8972397
41527987
16201266
23499116
8311953
52026622
32137357
48978247
53265
15582861
24014927
39590397
1316926
35589235
43368560
34149464
48515919
21582949
46465938
21398940
53370609
73329698
24573435
19357665
45854687
2948365
48315699
34482700
38541031
7908202
30517418
49434149
27526992
46657082
168052
17748891
8362813
72838947
7695678
89250735
2826144
59959348
13466
38291572
32304408
38310518
5194800
40728295
14416923
157396
41019159
10092510
46114478
51527942
13827372
60120545
43774116
78930459
22231102
35338398
35987629
41763428
6153262
24872881
22555254
77844051
75809
64541454
36479639
17828299
47859128
29873970
38534062
22128372
2986452
15634347
31642999
74297389
19209246
58236956
31384987
44056596
163444
10915529
24111518
5446158
19494719
76774580
50483192
38184570
8443381
41770360
41882594
43910719
49447356
75090264
6342146
5324003
26999855
79295678
20399719
63770960
21362410
57109380
26600425
49243407
5412464
65741252
7478679
21519960
29402980
6613925
32266864
78375636
24372679
47193510
14608850
14260685
16319273
2826686
49882937
52348270
16008424
19981464
41870098
68984722
31878299
24756941
16389612
74206227
11986
28519874
33777863
11010332
14198188
1052
18500902
32318586
19505310
16985172
33061605
10418269
25216391
13018066
104589
75968286
47663602
41633341
10489170
48863236
16064791
61363536
45069033
55999237
29276639
32741281
9651
44886345
94519
60495063
12758274
86863125
181809
63540812
45892170
40663925
32635752
75791518
42076317
79560502
28131484
29025435
59308
15884211
34514725
34002888
40255740
10636389
42981791
72335162
28347286
41056493
1918533
20261746
42547507
41465442
26341406
10248418
14173422
84103924
51027462
72760556
188887
74335306
30404703
15248522
23700915
42769501
48144802
39465872
43422940
64371361
48642603
1789948
14120170
62905973
16691378
11658203
18927957
38448066
2471618
16326379
14370232
4306599
9236804
77777476
31621072
1375426
14732842
10733715
12409926
71755360
11795789
42944147
35945703
61937858
52767
51299290
19515442
72293056
4847807
27941777
28032447
24885911
35245248
16516775
36345
50536596
46304321
33240034
45093624
28375499
14072739
49900477
32375
63612356
33481042
45353150
37526520
47776741
1176
6637387
44422029
6473652
183807
34636093
40343287
30498287
40582545
50701468
28684159
23779224
33434677
10537780
165207
32361137
1162
26762962
11613969
10672471
1367774
85130506
30046307
8523633
72643
56346398
9804045
860122
1845333
65273466
6256970
59405253
6908175
4239399
54677518
84420513
31201575
91020394
46661453
78135949
45538164
29813549
43991301
19309931
8622223
39960149
35627058
73895672
43291015
4475671
30234446
66769586
40693854
10242199
31121650
40482268
7879
32079325
26584671
57557266
34843454
11584208
20392248
34220354
72740
23390398
45242295
16597816
28729709
58445832
44493612
88265533
24032027
21296
39499509
58670210
42811163
83788236
92794
55945743
44077
44534
46772795
30669574
39183477
34400242
27137
73123358
30947699
67022477
35223358
27598110
42912794
72371857
26898193
71372024
33252404
18506354
52320966
71013715
9798991
55535882
46628051
37720845
47159422
54197873
203118
66425918
19320821
38056848
192964
65908762
132828
54248634
47385504
37155154
223529
4271220
7179766
29245636
3832486
3926153
20371160
35294453
3269303
73774227
42412319
64905108
54150615
1858897
2308622
25765011
3543864
29156
380781
47707840
34201536
37951535
15020
15421579
18748512
54036252
8164856
24772181
37831224
54118730
47734715
36494286
6285184
61837058
3276978
15109255
29644939
51492963
45440809
57724394
48568302
24246338
17807
11045410
34960800
78470463
27333230
49668964
36730163
44547670
28746169
21875476
3668733
34348734
5879410
88931962
23067800
32184577
3003403
30545338
19652724
46511077
42432650
48603
32700018
43891686
12854425
56850202
33224722
75316145
63291
54206542
45559674
70738086
12091460
19206488
7350749
32698040
45877736
64793125
19257537
74010564
19493039
15454586
34927876
43992774
11714815
6111600
4444367
6045383
39302187
15823
31850809
13954
3385584
80520367
135935
72000282
19475600
66595748
11135882
20107230
56209
95140352
28819808
38204466
7822710
41217510
3370067
70716033
20634556
6996859
26396552
30068888
42433539
48014782
2436744
49050529
7532769
53908952
14526239
86557547
9912059
85641856
9767864
73655
34129386
50412000
5365564
59845195
25106848
34213285
15742811
42735444
39794217
11809936
22998050
68066158
40485580
40420292
49672918
13106260
30147824
20165545
47182891
16962774
4628994
31346178
21084624
65322
21151374
53186886
28904033
37975602
31646076
43717308
2555261
63408882
16941261
73395051
16816
42885575
44853485
59501754
14162827
88735539
45841863
19737617
34326366
17500231
47363786
21084488
45015213
24407762
37302055
67949871
8133013
62556216
47551507
43802642
30396998
11201538
12526599
50344624
43830102
54439280
33417034
64056276
2878958
70345081
18239417
49512773
33720264
21241253
67220
78302763
32811064
34954316
25259731
44244927
26068944
17566779
27618135
58374086
47823311
3673935
15490
22338227
27679447
1839196
39567251
61163814
18374777
71160121
26516497
65905975
22247414
61396179
29302564
39702383
2926880
62984413
4627977
3106898
49297984
46052543
34795658
75543426
40900664
74968061
71363
65373598
4623042
14411467
6482004
52831999
5013763
60910468
40711244
60886093
10726696
29511739
19209514
5820303
45307613
46355101
40924391
13355114
59575
7382641
34318175
52720873
28483716
29029203
4055366
36376686
13448643
7098
38764581
32312308
159997
91585956
30370237
8090488
33201608
64859118
26060489
78215913
20806420
49760
38214197
3950827
39806568
29396135
41881862
13026911
33367086
55746614
30909612
18172013
14767926
3872970
191660
87804495
49509585
16873754
6365764
62660356
6111792
40845001
9779119
59564865
7315
65279286
14931
1118219
46483939
44800751
28852964
90661695
9543754
27275630
23232216
42337391
17789302
21370941
41849625
64425953
11033
19874729
16975869
32680150
46018098
46922818
12669736
15534173
10935345
12398671
42931801
243598
36296100
21621282
19378939
37222028
112778
55262898
42607836
61602942
1118506
42677826
33899475
9375136
30763387
27640365
37680798
31251345
21066527
7464681
28329807
40019281
38382809
41508564
39273446
65705303
32123082
6664187
18174838
20293753
5813890
39670463
16942889
48590787
23137163
22776668
140663
37030317
43623902
42212897
5749977
1060619
3924481
80281949
24007179
61938830
34952741
56293445
37709025
56593672
114192
34085779
13055548
82720337
22198957
5382926
39028204
44433403
2185981
15063162
42578239
31453300
7258205
25550662
2209
13297908
7913081
71548154
211530
62274895
18766091
17985514
42135834
28156135
33601661
17970299
12644711
34649672
132699
57076042
53611190
9986230
50958313
47052134
19321090
42177462
28731116
9237235
23335622
42903918
6429224
32241650
18329
1857789
104646
13344638
38135872
22722877
47876886
11080450
9445472
33598323
37024043
12677570
3938905
10098839
4355070
9921908
29370707
88541540
3713145
8469085
1547142
41990243
114111
30290444
21422859
41728933
44856356
37103630
20860149
25182629
42697374
32199308
28785950
51983499
21415314
57438311
3120037
8341622
46081998
72426927
12276694
32832494
37086126
79662913
43030611
16170592
20569107
49266180
117658
53817942
22232827
41859192
26837488
24757393
37818504
74124182
9394124
58094441
2346117
38233426
27817183
72787
17489926
18271993
12032576
28698492
19951135
73607848
42907621
17456365
24420348
49963085
41499684
58023662
12458
59079418
34595413
49106814
9823406
66739074
7090767
47085360
15470298
11259457
1459323
2839401
43061984
11383560
24000124
57761688
50175320
1426709
35662
2784712
46293028
48992750
10339253
65638698
24291926
84619170
5264030
36311639
37515785
10996
30284769
40229549
18706742
51252475
15671424
63545646
30205850
29761214
22487316
43581201
30872705
11053063
2657040
39959077
35022573
8558
41734165
65023900
39368222
5613079
11701947
171731
14220646
40142102
46332315
66155909
16913
2748975
25851
82364493
25399977
28678180
26299702
54048266
47361457
57269757
15135298
5119337
8250410
986786
2440879
4423135
44877321
24923420
19841753
56166675
27986064
12101998
1695649
27583904
21506979
34453330
101541
2881788
36324877
33761
2964628
47140850
18807885
63452
30192522
17977614
41025924
25812977
41397843
9318815
26442742
16950089
46982977
56425627
33624941
48444113
20878476
64249727
16357822
56398941
7964957
63969156
42748871
2550882
47515228
54664368
1156168
10416122
49342372
49784219
5604974
88067583
29878107
39313440
40111
54699456
42718960
57886560
35054611
16230234
31713939
39022377
8206707
26369077
45380171
23221386
9896671
67376576
7239202
27707648
15024864
46259566
52024297
35814273
14711237
33119329
5392317
28342462
12529555
43954446
9375032
69793509
16443079
80718213
12122035
66775201
19268504
13356053
13594647
39693395
34864786
59107831
29726
26402353
10137302
57215102
26859804
32714055
46169443
61497065
43670065
51340737
46391299
77809486
31812444
50020
33494067
14061732
16154994
18325483
28032398
2787258
35370440
14733134
22204610
8875118
19808953
19992488
14062609
44338033
7962223
6013117
10378064
11770845
40281760
15895589
26817257
77362012
31047491
41409775
30546
18184050
1151009
75838295
38515587
27137480
1704378
89715899
46765810
40122545
25757722
18706656
40188458
33857633
47579212
916176
36808893
85933294
268870
48772564
3486665
35927771
24406158
4840427
20965471
63030389
24571650
59108460
43126567
62261960
20736758
67285415
37483445
25046215
22994917
82975807
36704160
78499022
15422572
22969069
7266
57028075
43790995
31405409
12114087
16962944
47288518
37251001
42057598
76607225
21686648
42339193
22735483
20901675
22982937
23407107
39003536
2021322
42088638
11836429
45355547
1933354
53718876
25198003
39991212
61330237
17933207
68661927
38985216
81356551
132164
74493493
30582439
90763135
24286792
17922282
16308898
53547723
10855898
78280589
41316019
14164577
10370625
40955864
22661551
5356022
16837184
73820172
36591739
64196862
11266810
17452324
17927629
35474818
14617
71502131
47200386
72307855
11021541
37983103
43508748
6780953
11534959
2283208
12863
16916617
29367279
88138983
29517072
41512
54694523
60524730
2321092
49325456
14908083
44762872
21966036
44252260
32131123
22984882
31384359
60015119
30020230
17758712
41235008
18783726
4408712
73925082
28940293
39886228
22599166
51206670
46758186
56266102
38651234
37726978
2719364
27575290
50607364
56313861
42519875
44139912
20912176
36230419
8446092
42744488
19756518
21462810
9307655
47565309
47722029
45339847
23729453
90363200
33903797
62197066
7814
42654754
113678
14315854
10773926
44709364
31222041
21815775
6976
28224501
20062647
2555525
33299945
56733209
45243656
5770407
11683271
27740009
44947191
57570204
13793624
25637
31605206
27043564
44737784
42783041
33715895
46543384
42278299
65915707
22453592
18585243
22578406
1654480
30006657
65080
30078720
43898763
50636558
82639183
3322016
30166046
16639634
71821092
34326649
43213765
10487144
83176728
1336
61370958
11297447
24327482
35619691
36963385
47037641
43975409
123166
39067916
46549212
28128005
21043075
49434564
40131996
56477
29158797
62466289
96976
14387
12242237
19404979
37476051
58559157
38206430
41216527
26995420
47674042
36563
35048467
16739586
76259830
18427757
71813358
13655870
89174148
34287317
86323169
18416924
71857972
29312195
41270847
1570
15029492
32784211
45159750
10685570
2057746
33979261
75874370
16681446
81913437
14329083
63115392
37035821
32933323
1188177
35144294
93658
21724136
12940
20970256
35036626
31501075
41610758
29103459
41429812
62096946
25254440
37355537
9225545
57600922
50357523
72967880
21556506
45450190
48433392
15175396
125480
39971690
29029546
32551190
46447095
38755454
44688404
28511517
9037932
66300944
13541869
52469682
21412668
12977758
25757
41469367
652567
2371358
11200380
56220
16690371
49758680
45242234
928189
12419616
74196901
53333
16158059
45457148
21566002
34555747
3038408
53576
66827326
44479164
11955210
39380706
5490444
22737394
69091626
28903
53388823
8319743
62962110
36163500
65697371
4251360
70804448
36687221
6579982
2617
26128281
17166036
32528236
11809438
31878356
47071557
18429237
40023799
29999715
5171047
58110592
11349601
7281296
15175033
56800716
38584538
769911
6276923
16970730
7396211
60728646
3694049
61774614
6938373
53440158
22981948
1629122
28797320
55584632
25909388
59168618
8047853
52505462
44352814
59138227
49473483
30284667
6035874
13021780
3619074
24754189
23273490
13151148
3886479
14224151
17950
54040228
12376202
40218081
120663
30418761
40725549
16495970
133745
44586978
90141
81262268
37248794
15498598
40343305
67392833
11582259
46040815
38699983
19523000
12374204
10043132
42111000
44725821
10562040
55349681
31264337
55570097
15392133
17966903
44270633
35647308
22849195
32324179
28036625
78193963
5556474
81083486
23082286
31437994
33417877
7763968
3738165
29206189
24805599
99335199
29822218
71107705
26120494
42225385
33722880
35415672
16575547
89394563
34847
5759420
45716852
39255639
2710024
55196196
11550833
32379018
32187040
28372616
7539916
30173153
6655338
59644543
42928316
38328873
40076243
37100349
18409869
50025360
35880479
39185170
24021187
35936284
51678679
67198797
3507373
64997230
22768243
47409431
35550939
64270306
28761324
58509903
40309958
7618137
36082624
52382727
36454434
5975547
40717930
7751554
29304911
6512285
46811637
17881104
29619179
32471955
32455500
62197129
30392634
20418466
45257267
69830122
35397254
31149245
32767264
60487487
3440039
49435706
1337728
68150045
19308649
51691045
44991096
27665802
14173923
55004360
22170302
33155365
30880761
17010516
33214931
38663791
29822346
39389457
26698137
6110691
6346943
7202769
5918995
21392179
22690790
1315568
30403980
64788279
136028
28992696
46594296
63393615
18323501
16732
42400063
7174842
45363178
34881415
31533215
86311436
48363511
10646441
47718062
60592044
2788905
51787498
83276
39031469
9189201
8679343
10398568
33287932
20447305
19984199
15752552
52835083
32067098
49572389
14751156
14325
174227
66965462
23338888
69207785
4457160
28709590
22609517
38244162
37043170
69112434
49110705
29388934
5115
37115338
9779595
42508165
30767666
67058451
16138794
24027793
8482683
57588
38298843
27242641
13939684
75854375
30204113
13517135
39368538
66222
23935343
49495670
10657868
2901
24181457
53658363
3356957
68541751
9996665
72440424
28172027
92576326
23031884
6713114
34896546
10703129
48772852
3070471
30038502
49474338
51053658
15953840
27732713
61212819
17859321
18550488
38729688
24145249
24020167
41582886
49732023
54868577
46527969
17367972
39198324
60174299
4888192
44499845
37700936
19330434
46442876
44054017
14811719
6921244
11071045
21787653
24141126
23683455
1028988
42282921
36585105
93454108
3742547
47626984
116155
53646714
41567267
34594850
23415594
34635
11510711
61681482
12072369
38468286
14938553
59341395
172717
20973401
45255
31399124
246279
67912738
3444557
3903993
30840570
14125387
17712
70779841
29369492
53057908
20374212
38918904
20731881
72560503
2613325
14169592
19649852
57979157
32928748
37027
2082892
67142039
22807756
53624052
5140616
71297588
47120417
46166357
39425896
45470209
9357403
60108470
32162635
81949699
65039
62504956
67749
31994801
37779080
65225655
37073071
49172626
32588758
62519800
11519293
62161867
39767220
18945352
35379024
83281117
47135382
47299905
39332682
57945229
9298265
62205497
5364303
80345740
45950707
10665805
40390597
3568853
35414704
27544050
8171857
58829971
40041790
37003576
42387438
50904
5427859
63711743
37905598
9211569
17564734
24463740
22221217
64233866
2477641
71575876
44518795
53252209
122033
23292654
24778439
52424149
5748312
47679081
39116878
47139406
39821839
24963274
44862430
50988998
13052818
148995
38285020
78698053
25261251
3223589
41294854
58245223
49735243
64505445
47789690
52520365
21352845
68398316
394
39542167
1789363
15537717
36995975
30599291
49318
92152982
33677052
59104906
42662019
60941289
44796890
7646146
10969466
9166927
46476321
35014932
45166693
52027223
38030466
47343004
6336986
64395751
35897820
28033873
3770311
16611809
29021048
51192764
31202888
41649387
25960065
20358922
22966
18225085
8690312
48763557
7146471
17643077
38064770
3014704
130008
60703955
46944162
56650678
14208
62355705
43402684
68734223
26560587
32786354
23468380
19634094
55147
51621895
17557526
57261411
1479119
41868890
14995342
38291593
35544171
36250952
23713343
87116607
6563659
35702178
22140282
10882242
118454
4116338
38699833
99889372
34399609
16939435
39788199
22955561
8160875
45937350
30085477
26839298
8715519
11689788
22696435
67435300
22529300
3904387
14227690
72658224
306370
81549314
92407
12083185
4049866
46941823
12892497
7370324
34178035
23871863
2858539
51288
33244605
30843673
40588091
58112566
34752187
56404
8895976
49813033
10169916
28863602
3074277
15557776
40057820
73582943
47565825
55520063
14886708
6952357
9144398
28759170
37212093
4857
23288029
70942283
583
71155686
33845182
69725324
6135231
36066106
47273997
4128221
2803042
48154919
6403324
67541331
42233137
49972993
29374431
29122903
23727898
28411153
36110514
13900588
24053346
7681620
10389
35056577
31656792
41942591
81449
57247753
30603663
58172403
13041107
43247163
4915300
12650392
46374313
29210385
36794983
59257690
23658352
52215104
43082881
64388354
51865738
18495040
44107196
48963919
7590516
48228739
150485
58212991
2105615
58329181
26403901
31576933
45064351
23370
2253324
96248762
46273771
18461393
30700548
74961702
11756298
39495012
10492364
16530888
27447760
19514849
18592068
52198245
44999259
30091599
26106124
28303957
10185696
38298052
19001
77327121
43830089
59175997
24487842
10606527
46476420
77226521
46905404
12003022
26759142
24477050
57353
42989957
46853283
71554766
2350834
36923584
44276171
26374174
45333804
39741608
9746704
52979119
29295
55950427
6507679
18002520
2231299
67903627
11099665
5310682
10752061
70136137
32019204
43988654
32212444
60984478
24061769
66312
31355909
76455028
23991999
45438653
14967277
70710922
5583881
22518626
16729254
44508368
23946
1801760
12497826
4453819
63729
64361430
22122789
84663240
5062540
61507121
5466433
35282103
23607697
73969741
48164344
67735462
46524219
14185647
39926874
44994689
34277438
28942976
16582663
54530236
33957566
20962
38133042
31885518
11645712
23954927
33539465
52275830
43146017
21622350
8665
21645679
41946908
6344068
22882037
7556218
38115815
44336021
41236266
69193935
29770197
2131024
51819571
83816961
12721459
86030967
28003557
71241450
45320108
58359282
39359122
67593105
29976411
68934610
465566
261898
10411
28285308
35840747
62381840
16833016
75277285
47120227
81720064
26287499
21077515
6370799
41457810
10432292
36987085
20234774
33326660
18318820
18200127
17283981
62800653
37783065
71217259
6977710
70887051
23215956
65508170
28096705
65893345
26860409
52199335
27218967
30441568
28290
53463034
21380299
23792178
20151
9670
15693434
40048419
34933141
24678875
19837011
12196544
21584118
3968943
31408429
56905469
654267
53591577
21331102
52698271
42229647
66047712
8920251
41722933
17506806
63238955
41031368
4553960
99518
3519574
1699943
56519730
26252929
2647316
8066243
16144964
10568384
34225169
1344134
6976220
11962779
14719
28930624
61435292
11716716
21814956
19592073
83582464
39234609
55144778
47228456
71198463
35124520
53768904
35918398
28393152
3691718
53156718
48304786
31312539
10530002
74713501
30415183
63665128
39558608
39093397
8647369
5575995
45928013
57388317
4211543
44756566
18812380
26145415
24030708
42568415
2586478
26023974
40809
66249263
40649904
27202235
18602365
210578
29182516
12514951
263056
7621
4831472
42274833
167103
15869098
41440783
70356831
3677460
4529453
13185405
66750878
17395253
19526833
21399683
88495
48765005
83224050
19452064
73371351
40422764
76246878
3992433
49010921
27620725
44833628
18017299
30113209
15067672
19187539
26272947
32166
22630940
6042310
40924711
61611889
23059238
54119655
34397945
60650082
11995201
52462196
6701228
38350843
37901326
60768830
25709801
81608634
12634996
14451822
25881041
58977310
44267720
23846260
9822
42707179
46669458
38290076
10691
43442095
23438411
17288510
22635318
58097053
39970775
19210983
3244575
407712
18466931
60261574
19646500
34990212
17633
92734
51007260
73154762
46503403
66421976
32922471
37749
11988098
52780431
6266355
61163119
9408748
51952522
5047
79753527
13404785
11716739
10250389
41179774
48398078
62706214
48127638
33225338
20927077
72154118
135598
73423031
38197426
7027713
43866513
11156795
26297386
65534
13932317
28855907
53858192
43827346
43002687
78313236
40258140
56616540
38042414
76250431
4270774
4292026
35953617
34428475
34256148
50231235
9672546
52619453
16732438
17022460
46009702
31909799
2208625
17678238
1249176
16908832
14108391
44553138
17158182
33529473
29906996
42989
42001183
8852678
37989640
82144980
38873519
87297997
9954513
29932
7248866
59703266
9499328
26062059
28539592
64936032
14080
26859630
32341936
62366000
30157497
71626615
43985605
40028339
25616047
49767776
41378921
48253853
44985386
72113479
7661449
18111774
11234794
67394194
2427972
27131267
250702
79220134
15659009
45257356
16882011
51844709
45194173
9216414
33108913
72992256
29106468
55932388
46359461
5050742
19613051
78252367
37387085
85430151
45732546
42472772
23661794
27643384
40871
41035857
14303595
60022229
4086962
52624735
16723580
62981554
65770
29795009
19364515
83211217
8096814
64317713
15397273
68245261
19241423
65672209
12404041
38173159
35776806
82375
22023039
34747587
98950
2110247
2062882
38077590
1081163
37952778
10201182
52553327
35656
8521000
41923880
57489904
47632198
78748099
18132151
38476289
50573359
5898552
35586705
78272319
10166925
33393590
24791145
7564129
38824963
33034687
13852829
37198659
12404726
2576144
33017978
52752027
11816798
69180812
32482187
39105775
1037320
51670410
36990320
42650270
27748592
9708951
10422282
51570653
13861149
25288127
53181
18505350
13733414
36174822
16596696
68709042
19178767
67346279
3300655
5215112
49500852
13136752
21653961
25313132
9843048
24969737
19652916
236543
190718
244630
217023
220483
95
165792
210485
232267
789741525732
789868403552
