34520326
53133925
45638877
71197440
83980705
36844267
32197349
49133752
13330650
79531297
65401197
72073709
35248344
73935968
3200469
61284400
9737279
54410103
70324151
42405201
77374360
10313069
82396420
26376324
89945048
30148331
1465832
82706653
29288333
57297573
88992554
84813292
12663174
8558747
26807413
55285766
14359374
84942100
7309017
15181721
52273917
23254115
47017519
58947312
33399068
38527742
35601912
90654912
16104018
83534754
13124035
12429399
55455134
2625203
46796483
52384631
12808220
61912380
59058571
42986671
43507616
98471428
89154266
98259873
38067906
31146785
40725487
26051386
91925258
96113384
60289444
95189475
73475812
80113109
5497976
43164361
59165828
24002292
5174029
34524590
54138883
26225605
98871295
93441437
41644651
44904051
80063097
28181155
67169487
42881815
19960004
40509791
68909521
98284597
83882048
2344359
25570601
37405355
2808211
9974970
19041000
8165895
99618203
33970876
63860084
17209010
40855478
73886091
80642056
75495288
64493977
14719370
19903471
99076875
21953869
50994332
31265436
35395271
70018264
31981287
53660361
932920
76357530
63168332
66670208
83463735
62813512
14272300
19380649
77880316
90550913
28056529
59993645
74134091
55231212
25377632
93756677
37905243
58893467
46154907
55357754
63345307
15421955
32572372
86616405
6641948
97967186
78478716
95916074
84073393
28972599
53331537
9129475
45372811
81676394
52614978
43878080
72776786
1694024
61788226
79555339
4757405
88573275
31999837
41608013
97189623
8235223
73165044
36410657
70649453
29690790
76294080
15438709
71033314
97252218
14565503
52682754
76784369
64804099
8045621
74111216
10570001
47243810
99742897
19038618
420107
75054718
32636443
30173548
5493741
15870382
66483710
80799789
74236433
40687469
58734260
57553185
5149079
97527030
48529527
36116102
47651486
65867725
49324274
80302727
24480047
71134647
16963267
4521765
37176857
91983604
78698869
86817664
24169978
942720
55305257
86035783
10337931
86603469
55762485
28627490
58891298
94838092
56129780
74088635
2506545
71026700
56005708
51401660
57642612
57176964
82444063
75089110
57577169
98354103
72788564
63821135
86653954
25653700
55390952
79581231
60524924
98761524
81920710
58572765
2110917
44792501
91978971
54121964
89013340
70574098
51660115
36891108
52947655
73555698
94852264
69817177
20195532
88851615
73306678
25262374
49998670
83021487
16328015
9435860
55852346
80763672
32877603
38606302
3721192
93289085
60909769
35530927
12049352
62048744
83816537
53204427
40031984
61547178
6868268
88635518
46812763
88671307
4309092
54696607
65671185
34898112
71692798
83018796
30881547
40155187
59378208
79452362
69867852
39881139
28952678
97384284
43757844
97583696
10278797
1954075
70757875
90288457
97089814
83943091
61512518
12299983
91100179
70867969
65107482
79451680
32378271
61555059
79966556
9042012
663117
44688198
24179067
89640054
60720112
29723370
33498352
24097066
26659757
27006859
96797584
93660735
91565503
38052344
86324194
86588709
39937000
76492171
99839370
8183878
5482704
29708580
34893844
68907390
99228581
8108889
45012300
35285495
49744888
81624263
32406641
30599571
42265321
29758483
68209451
41253876
52546769
20831107
37299182
28546002
67049984
8768752
17577224
16040124
88072922
65475474
27842127
82635976
72690654
25429882
71774096
31511776
36368789
71284925
26598183
18115749
93651194
42266060
91447455
82756077
1765452
20542188
4543693
7219670
61587411
68373590
69585313
84931547
66448428
46887969
83392218
56709896
51186387
62712743
52693068
9732717
18133355
84864974
10578023
96479609
60282059
2449765
74952733
49102918
76101854
32341588
51324435
36458136
62539827
36176983
14460832
51344997
20528204
59708231
62828222
82908176
80862840
25578390
57406172
78454807
81486841
86275857
69799719
62057347
97102206
18736713
37651479
25195992
72660648
72350847
96449570
23136313
64632330
83633598
8643542
42374247
51617077
6202155
40898768
40857564
23550116
3664292
98763835
54837826
95709379
61960145
21683400
92205646
55163082
40244413
91645379
57496029
628162
10225359
18915577
49684466
66672244
78707735
77071959
77709295
80534251
76600184
49248574
18844289
80661916
90859893
60866987
1887170
81947212
79524559
11874870
20037491
55437249
83010276
94205214
99949753
33467629
79870818
42746390
96014033
90822634
26520869
27419066
29259735
98667737
87732127
2561532
76889573
52792108
91836770
76673282
43930243
66411386
90226319
62723665
9131366
44029743
32030758
47946793
75194901
98972070
55573440
6971657
5052453
2106623
