=== Test Graph Generation ===
Undirected Graph (5,6):
5 2 3
4 3 3
1 2 5
2 4 1
3 1 9
4 5 1

Directed Graph (5,6):
3 2 1
4 3 5
4 1 1
4 5 5
1 4 4
1 5 4

DAG (6,7):
4 3 30
6 2 82
3 2 34
5 1 46
5 3 43
4 5 15
4 6 57

Tree (10 nodes):
1 2
1 3
1 4
4 5
1 6
3 7
7 8
8 9
1 10

Chain (6):
1 2
2 3
3 4
4 5
5 6

Flower (6):
1 2
1 3
1 4
1 5
1 6

Binary Tree (10):
1 2
2 3
2 4
1 5
3 6
5 7
4 8
3 9
6 10

Weighted Tree (8):
1 2 15
1 3 17
2 4 6
1 5 17
1 6 4
1 7 17
6 8 12

Undirected Connected Graph (8,12):
1 2 2
2 3 4
2 4 1
4 5 4
3 6 9
4 7 1
3 8 4
2 7 6
5 6 8
5 3 3
4 3 2
2 6 1

=== Done ===
