10
100 3
421 137 409 010 111 331 060 901 319 994 234 315 769 363 416 696 472 144 699 704 617 578 506 821 355 492 718 287 510 616 091 785 597 083 112 012 220 352 277 889 881 283 717 756 179 967 329 362 924 958 064 482 050 865 605 366 479 893 288 047 404 673 790 088 116 531 814 582 728 583 420 367 891 869 976 825 777 780 238 201 127 186 739 130 089 592 180 694 603 457 436 892 206 879 345 332 738 634 895 835 
100 3
376 947 141 387 176 234 364 242 007 521 660 636 623 896 469 227 458 940 813 827 257 087 343 299 034 105 217 083 615 452 144 046 365 270 535 522 664 702 478 230 321 181 974 676 160 574 292 672 840 065 410 416 375 428 762 877 781 936 891 831 704 606 358 783 078 977 108 939 946 655 608 295 784 944 287 990 459 651 642 764 379 881 214 620 191 775 816 796 594 563 916 310 584 100 390 687 604 822 909 361 
100 3
109 447 947 862 153 187 606 467 333 194 870 554 298 546 501 898 965 728 329 772 770 995 241 990 879 899 579 421 572 655 731 808 444 567 350 982 328 779 134 560 362 312 654 354 371 954 012 487 013 373 316 504 722 456 073 061 597 994 144 705 335 689 270 555 095 780 574 812 967 158 039 224 284 491 066 086 616 272 483 481 281 532 168 708 219 824 418 140 920 974 160 111 724 674 863 342 791 200 985 977 
100 3
701 642 183 243 110 957 235 012 345 826 882 941 912 697 836 282 155 491 462 908 037 378 080 635 053 711 390 698 541 129 158 096 310 464 297 877 512 404 654 958 720 965 226 659 151 477 171 435 489 632 210 451 027 723 588 389 822 910 335 916 855 079 011 330 903 393 244 423 724 269 825 173 640 327 278 124 582 651 169 546 755 291 003 294 707 857 108 190 130 195 359 591 377 918 313 993 117 518 273 469 
100 3
058 110 253 361 852 088 407 511 744 693 617 324 465 081 314 289 059 603 813 440 136 944 996 787 316 706 075 856 803 020 804 321 590 814 274 317 769 089 103 755 729 740 886 671 154 895 699 056 513 450 725 298 441 177 997 754 952 801 071 569 035 247 183 576 123 974 248 823 884 126 633 864 676 799 385 635 018 624 469 132 394 716 707 054 284 859 714 482 916 435 887 528 336 420 471 795 857 433 091 592 
100 3
506 594 201 590 842 646 996 449 823 597 292 416 805 726 271 575 668 547 746 462 951 397 074 692 372 956 279 488 212 038 636 605 169 988 900 189 069 780 902 219 290 299 207 992 723 342 535 757 567 579 528 370 369 537 806 061 918 613 603 617 055 139 959 258 737 854 634 315 203 460 270 836 492 523 738 234 162 545 596 264 600 810 569 346 741 099 432 355 376 052 301 627 275 622 151 156 374 890 670 960 
100 3
722 593 711 737 077 931 138 391 009 144 123 500 939 983 252 261 811 618 243 712 065 724 318 527 422 326 302 335 707 342 763 600 041 359 612 148 932 224 908 444 952 413 249 821 989 815 372 014 210 164 181 577 235 225 417 688 511 480 691 420 237 190 607 375 979 746 959 211 458 399 574 187 879 350 432 459 937 896 483 606 533 759 551 033 414 875 507 497 982 115 267 429 323 001 775 177 718 049 409 387 
100 3
846 601 492 218 789 886 427 835 978 036 180 001 909 019 073 205 272 103 468 770 418 760 567 819 797 761 923 686 034 269 358 824 373 855 163 632 491 718 421 529 372 543 733 646 398 440 430 553 244 146 860 203 462 450 584 191 312 741 868 458 071 746 324 578 638 573 956 986 898 844 765 588 147 412 201 106 982 546 406 829 349 093 009 220 592 839 259 814 941 149 478 828 262 390 934 382 117 069 964 307 
100 3
752 725 251 837 771 418 152 529 450 625 820 057 161 603 134 931 843 379 679 055 774 803 626 846 419 563 517 667 936 842 628 298 686 060 100 996 388 085 387 386 986 214 659 705 371 020 920 200 294 855 997 167 595 534 466 370 944 004 217 354 935 408 254 305 046 764 692 946 165 922 059 227 051 246 917 587 538 799 346 981 569 883 409 638 416 483 807 907 090 646 248 921 732 941 656 044 493 887 576 045 
100 3
371 794 582 018 045 275 772 639 456 130 237 432 173 276 686 447 420 918 407 647 965 299 493 631 964 376 008 594 074 948 258 995 399 015 515 659 677 653 304 434 032 297 811 335 661 282 838 783 936 732 806 980 378 219 269 523 414 067 429 031 501 529 343 736 137 766 308 145 589 479 212 746 994 342 997 693 595 021 428 151 162 703 863 155 620 872 545 071 430 814 857 202 616 950 317 779 637 865 216 550 
