452 125
106 125
452 374
362 125
452 880
610 677
635 630
917 880
452 374
610 880
452 374
452 125
452 374
106 81
564 594
452 374
452 880
610 594
452 880
452 125
452 374
452 880
362 352
564 543
452 677
610 677
823 822
900 880
362 374
610 880
452 374
362 374
106 125
452 374
452 374
452 374
610 677
452 880
452 880
47 125
452 677
635 630
106 125
917 880
610 677
452 125
219 147
362 374
452 880
452 880
362 374
452 486
618 880
173 168
750 677
610 880
610 880
750 677
452 374
857 862
173 125
452 374
610 677
362 374
452 374
452 374
452 374
452 880
452 486
610 677
610 677
452 125
452 880
849 843
610 677
452 125
452 125
610 677
452 374
452 125
452 374
362 374
257 262
452 374
610 880
750 775
362 374
610 677
452 677
452 125
24 20
452 374
452 374
362 374
452 125
610 677
452 125
744 743
452 374
452 125
452 125
452 390
452 125
219 125
452 374
452 374
610 880
362 358
610 486
452 486
610 880
610 677
610 677
452 374
815 813
304 262
452 880
610 677
452 374
452 374
452 374
452 880
47 125
362 374
452 880
452 390
452 880
452 374
106 92
917 880
452 880
452 125
452 125
452 374
452 374
452 880
362 374
362 374
452 374
362 374
452 374
917 880
362 374
610 880
362 374
47 125
610 880
917 880
452 374
452 125
362 374
452 374
219 147
452 125
452 880
452 374
452 880
452 125
610 880
106 125
452 125
106 125
917 880
610 880
106 125
610 677
452 374
610 677
452 374
452 880
610 677
452 125
106 125
362 374
10 20
452 125
452 880
917 952
452 880
452 125
452 125
452 374
452 125
610 677
452 125
452 374
452 880
47 125
452 374
47 81
610 880
362 374
452 374
452 374
452 374
610 880
47 125
505 486
610 594
47 81
610 880
452 880
452 125
452 125
452 374
452 374
452 374
452 374
452 374
106 81
47 125
452 125
452 374
900 880
106 125
610 677
610 880
452 374
452 880
610 880
106 125
452 374
452 880
452 374
622 677
750 693
452 486
106 125
369 374
452 390
452 374
610 677
452 125
452 125
452 374
452 374
482 486
452 374
452 125
452 374
452 486
452 374
219 147
917 880
823 880
173 147
722 718
452 880
452 125
610 677
452 486
452 457
201 200
610 677
610 880
452 125
610 677
219 147
794 775
452 374
610 880
452 374
452 880
452 125
219 262
452 374
610 880
452 374
47 125
452 880
452 374
452 374
750 677
452 125
304 316
452 125
610 677
452 374
452 125
362 374
106 125
452 374
452 677
452 374
452 125
452 374
362 374
106 125
722 718
452 880
452 880
823 822
47 125
452 125
452 374
452 374
452 677
676 677
452 374
610 677
452 125
452 486
452 677
917 880
452 374
452 125
452 125
917 880
610 594
823 822
106 119
610 880
452 374
47 125
452 374
610 677
170 168
917 880
452 374
452 880
452 125
452 374
362 352
452 374
452 125
610 677
420 433
452 880
610 880
564 594
610 880
47 125
750 822
452 880
610 594
610 677
362 374
338 276
610 677
610 594
452 374
452 374
610 677
776 775
106 125
452 125
362 352
722 677
750 880
610 880
750 677
452 374
452 374
232 233
452 374
362 374
47 125
452 677
750 677
452 125
47 125
794 775
750 880
610 880
610 880
452 125
452 880
47 125
452 125
452 390
452 374
362 352
829 831
362 374
106 125
452 125
452 125
452 374
452 125
282 279
127 125
452 374
452 374
452 125
610 677
219 352
452 374
610 880
452 125
917 880
610 677
683 677
452 880
717 718
750 880
452 125
610 594
362 374
610 880
362 374
452 677
452 677
452 374
452 880
750 775
362 374
331 333
219 125
452 374
106 125
452 374
346 279
452 125
610 880
452 374
750 677
106 125
452 374
362 352
362 352
452 486
610 594
610 594
452 374
452 390
452 486
452 880
618 880
304 289
452 374
452 374
610 880
452 677
610 677
750 775
401 390
618 630
610 880
362 352
452 374
452 486
452 374
47 125
610 880
610 677
362 374
610 594
917 880
983 952
750 880
362 352
420 390
917 923
452 374
610 677
750 880
610 880
610 677
452 880
452 677
610 880
917 880
452 125
452 880
722 693
645 646
452 374
452 374
106 125
219 262
452 125
452 880
610 594
610 677
917 880
452 125
257 262
452 125
452 374
219 181
917 880
401 390
452 374
452 374
452 374
304 276
452 880
362 374
452 374
917 903
452 374
452 125
750 677
257 247
750 880
857 880
452 880
452 125
47 125
452 374
452 880
452 125
452 374
750 677
401 390
452 390
452 374
452 880
74 75
452 374
452 125
106 125
388 390
452 374
362 125
505 486
452 374
610 677
452 125
452 125
452 374
917 903
917 880
610 677
750 880
452 880
750 677
750 880
452 374
452 677
452 880
452 486
452 374
610 594
401 390
362 352
452 125
47 125
452 374
362 374
452 374
750 677
750 677
823 822
452 390
362 352
452 374
452 374
106 125
750 677
917 880
557 552
452 880
452 880
452 125
452 374
452 125
610 880
610 880
610 677
362 125
452 125
452 374
610 677
452 374
452 374
452 374
452 880
610 677
452 880
452 125
452 880
452 374
452 374
173 147
610 594
362 374
452 125
319 316
452 880
452 374
917 880
452 880
610 677
750 677
610 677
750 677
610 677
452 125
452 125
47 125
452 374
505 543
610 677
452 880
24 35
610 880
362 374
219 147
452 374
722 718
106 125
219 262
452 374
610 880
452 125
47 125
750 880
362 374
610 594
452 125
149 147
873 880
610 677
505 486
452 374
452 125
47 125
452 880
917 903
106 125
452 125
610 677
823 822
610 677
452 880
823 824
452 125
47 125
452 125
610 880
610 880
452 677
452 374
452 457
610 677
452 374
676 677
452 374
750 677
452 374
700 693
610 677
452 125
452 374
917 880
438 433
452 374
917 880
47 125
610 677
452 880
618 630
452 125
452 374
106 125
676 677
960 952
47 125
917 880
750 880
304 262
452 374
452 486
452 125
610 880
452 125
610 677
610 880
610 677
750 822
750 880
362 374
452 374
917 880
106 125
47 125
219 233
452 374
47 125
452 125
452 374
452 880
47 125
452 374
452 374
452 677
750 880
257 262
47 125
452 374
452 390
452 880
362 352
452 880
452 374
917 880
452 880
106 125
750 775
452 880
219 262
452 374
900 880
47 81
452 125
452 374
610 677
452 880
106 125
452 374
362 374
917 880
452 125
452 125
452 374
452 880
610 486
610 880
610 677
452 374
917 903
452 125
319 317
219 147
362 352
452 486
610 880
173 168
610 677
452 374
452 374
452 374
362 352
452 374
452 374
106 125
452 677
610 677
362 374
610 677
219 147
452 374
452 374
219 262
564 594
452 125
452 374
750 677
47 125
452 374
873 880
610 677
219 147
447 443
452 486
452 125
47 125
452 125
257 262
452 374
452 880
452 486
452 374
452 125
452 374
47 125
452 374
610 677
452 125
452 125
452 880
452 374
452 374
610 677
452 374
452 880
750 880
610 677
106 125
362 374
452 374
452 374
106 125
750 822
452 880
564 486
452 374
47 125
452 125
917 880
219 262
823 880
452 677
452 374
452 880
47 125
452 125
610 677
452 486
452 880
610 594
917 880
47 125
47 125
452 880
496 486
610 880
452 677
452 125
610 677
452 125
452 125
750 880
610 486
452 374
452 880
750 880
452 677
750 677
505 543
219 262
452 677
750 880
750 880
610 880
452 374
452 374
610 594
983 961
362 374
452 374
610 594
452 374
452 125
362 374
452 374
173 147
452 880
452 374
362 374
610 880
452 880
452 880
610 880
219 262
452 374
452 125
452 374
452 125
452 374
362 374
610 677
750 677
482 486
750 880
452 125
452 374
452 125
452 486
452 880
452 880
610 880
452 125
106 125
452 374
452 125
452 677
24 20
452 125
610 677
47 125
452 374
47 125
452 374
452 125
610 611
452 374
304 276
750 880
610 677
47 125
452 486
47 125
362 352
452 880
452 374
452 374
452 390
452 374
452 374
47 125
750 880
106 125
452 125
452 125
452 677
960 961
452 374
750 822
610 880
452 390
452 880
452 374
452 374
452 374
823 822
452 125
610 677
452 486
362 374
452 374
452 677
610 677
452 125
362 374
610 677
750 880
452 880
47 125
452 125
750 822
452 374
452 374
452 880
423 433
452 374
452 677
823 880
917 880
306 316
900 880
452 374
610 880
452 125
452 125
452 374
452 374
452 374
452 125
750 880
610 880
452 125
452 374
452 880
106 125
219 147
452 880
452 374
452 125
983 952
282 276
452 374
610 677
452 374
610 880
750 677
452 374
452 374
823 880
610 880
452 880
452 880
319 316
610 677
362 374
750 880
452 880
47 125
452 125
750 880
610 880
452 486
452 374
452 374
452 374
452 374
610 677
452 125
106 125
452 374
452 374
610 677
452 880
106 125
610 880
106 125
750 677
173 181
47 125
452 125
362 374
750 880
610 677
452 374
452 125
750 880
960 961
452 880
750 677
